Copyright 1986-2022 Xilinx, Inc. All Rights Reserved. Copyright 2022-2025 Advanced Micro Devices, Inc. All Rights Reserved.
---------------------------------------------------------------------------------------------------------------------------------------------------------------------------------------------------------------------------------
| Tool Version : Vivado v.2025.2 (win64) Build 6299465 Fri Nov 14 19:35:11 GMT 2025
| Date         : Sun Mar 15 16:39:18 2026
| Host         : DESKTOP-QU8QVCL running 64-bit major release  (build 9200)
| Command      : report_timing_summary -max_paths 10 -routable_nets -report_unconstrained -file counter_timing_summary_routed.rpt -pb counter_timing_summary_routed.pb -rpx counter_timing_summary_routed.rpx -warn_on_violation
| Design       : counter
| Device       : 7z020-clg484
| Speed File   : -1  PRODUCTION 1.12 2019-11-22
| Design State : Routed
---------------------------------------------------------------------------------------------------------------------------------------------------------------------------------------------------------------------------------

Timing Summary Report

------------------------------------------------------------------------------------------------
| Timer Settings
| --------------
------------------------------------------------------------------------------------------------

  Enable Multi Corner Analysis               :  Yes
  Enable Pessimism Removal                   :  Yes
  Pessimism Removal Resolution               :  Nearest Common Node
  Enable Input Delay Default Clock           :  No
  Enable Preset / Clear Arcs                 :  No
  Disable Flight Delays                      :  No
  Ignore I/O Paths                           :  No
  Timing Early Launch at Borrowing Latches   :  No
  Borrow Time for Max Delay Exceptions       :  Yes
  Merge Timing Exceptions                    :  Yes
  Inter-SLR Compensation                     :  Conservative

  Corner  Analyze    Analyze    
  Name    Max Paths  Min Paths  
  ------  ---------  ---------  
  Slow    Yes        Yes        
  Fast    Yes        Yes        


------------------------------------------------------------------------------------------------
| Report Methodology
| ------------------
------------------------------------------------------------------------------------------------

Rule       Severity          Description                  Violations  
---------  ----------------  ---------------------------  ----------  
TIMING-17  Critical Warning  Non-clocked sequential cell  8           

Note: This report is based on the most recent report_methodology run and may not be up-to-date. Run report_methodology on the current design for the latest report.



check_timing report

Table of Contents
-----------------
1. checking no_clock (8)
2. checking constant_clock (0)
3. checking pulse_width_clock (0)
4. checking unconstrained_internal_endpoints (16)
5. checking no_input_delay (2)
6. checking no_output_delay (8)
7. checking multiple_clock (0)
8. checking generated_clocks (0)
9. checking loops (0)
10. checking partial_input_delay (0)
11. checking partial_output_delay (0)
12. checking latch_loops (0)

1. checking no_clock (8)
------------------------
 There are 8 register/latch pins with no clock driven by root clock pin: clk (HIGH)


2. checking constant_clock (0)
------------------------------
 There are 0 register/latch pins with constant_clock.


3. checking pulse_width_clock (0)
---------------------------------
 There are 0 register/latch pins which need pulse_width check


4. checking unconstrained_internal_endpoints (16)
-------------------------------------------------
 There are 16 pins that are not constrained for maximum delay. (HIGH)

 There are 0 pins that are not constrained for maximum delay due to constant clock.


5. checking no_input_delay (2)
------------------------------
 There are 2 input ports with no input delay specified. (HIGH)

 There are 0 input ports with no input delay but user has a false path constraint.


6. checking no_output_delay (8)
-------------------------------
 There are 8 ports with no output delay specified. (HIGH)

 There are 0 ports with no output delay but user has a false path constraint

 There are 0 ports with no output delay but with a timing clock defined on it or propagating through it


7. checking multiple_clock (0)
------------------------------
 There are 0 register/latch pins with multiple clocks.


8. checking generated_clocks (0)
--------------------------------
 There are 0 generated clocks that are not connected to a clock source.


9. checking loops (0)
---------------------
 There are 0 combinational loops in the design.


10. checking partial_input_delay (0)
------------------------------------
 There are 0 input ports with partial input delay specified.


11. checking partial_output_delay (0)
-------------------------------------
 There are 0 ports with partial output delay specified.


12. checking latch_loops (0)
----------------------------
 There are 0 combinational latch loops in the design through latch input



------------------------------------------------------------------------------------------------
| Design Timing Summary
| ---------------------
------------------------------------------------------------------------------------------------

    WNS(ns)      TNS(ns)  TNS Failing Endpoints  TNS Total Endpoints      WHS(ns)      THS(ns)  THS Failing Endpoints  THS Total Endpoints     WPWS(ns)     TPWS(ns)  TPWS Failing Endpoints  TPWS Total Endpoints  
    -------      -------  ---------------------  -------------------      -------      -------  ---------------------  -------------------     --------     --------  ----------------------  --------------------  
        inf        0.000                      0                   24          inf        0.000                      0                   24           NA           NA                      NA                    NA  


There are no user specified timing constraints.


------------------------------------------------------------------------------------------------
| Clock Summary
| -------------
------------------------------------------------------------------------------------------------


------------------------------------------------------------------------------------------------
| Intra Clock Table
| -----------------
------------------------------------------------------------------------------------------------

Clock             WNS(ns)      TNS(ns)  TNS Failing Endpoints  TNS Total Endpoints      WHS(ns)      THS(ns)  THS Failing Endpoints  THS Total Endpoints     WPWS(ns)     TPWS(ns)  TPWS Failing Endpoints  TPWS Total Endpoints  
-----             -------      -------  ---------------------  -------------------      -------      -------  ---------------------  -------------------     --------     --------  ----------------------  --------------------  


------------------------------------------------------------------------------------------------
| Inter Clock Table
| -----------------
------------------------------------------------------------------------------------------------

From Clock    To Clock          WNS(ns)      TNS(ns)  TNS Failing Endpoints  TNS Total Endpoints      WHS(ns)      THS(ns)  THS Failing Endpoints  THS Total Endpoints  
----------    --------          -------      -------  ---------------------  -------------------      -------      -------  ---------------------  -------------------  


------------------------------------------------------------------------------------------------
| Other Path Groups Table
| -----------------------
------------------------------------------------------------------------------------------------

Path Group    From Clock    To Clock          WNS(ns)      TNS(ns)  TNS Failing Endpoints  TNS Total Endpoints      WHS(ns)      THS(ns)  THS Failing Endpoints  THS Total Endpoints  
----------    ----------    --------          -------      -------  ---------------------  -------------------      -------      -------  ---------------------  -------------------  


------------------------------------------------------------------------------------------------
| User Ignored Path Table
| -----------------------
------------------------------------------------------------------------------------------------

Path Group    From Clock    To Clock    
----------    ----------    --------    


------------------------------------------------------------------------------------------------
| Unconstrained Path Table
| ------------------------
------------------------------------------------------------------------------------------------

Path Group    From Clock    To Clock    
----------    ----------    --------    
(none)                                    


------------------------------------------------------------------------------------------------
| Timing Details
| --------------
------------------------------------------------------------------------------------------------


--------------------------------------------------------------------------------------
Path Group:  (none)
From Clock:  
  To Clock:  

Max Delay            24 Endpoints
Min Delay            24 Endpoints
--------------------------------------------------------------------------------------


Max Delay Paths
--------------------------------------------------------------------------------------
Slack:                    inf
  Source:                 FF7/q_int_reg/C
                            (rising edge-triggered cell FDCE)
  Destination:            q7
                            (output port)
  Path Group:             (none)
  Path Type:              Max at Slow Process Corner
  Data Path Delay:        5.130ns  (logic 3.243ns (63.214%)  route 1.887ns (36.786%))
  Logic Levels:           2  (FDCE=1 OBUF=1)

    Location             Delay type                Incr(ns)  Path(ns)    Netlist Resource(s)
  -------------------------------------------------------------------    -------------------
    SLICE_X0Y3           FDCE                         0.000     0.000 r  FF7/q_int_reg/C
    SLICE_X0Y3           FDCE (Prop_fdce_C_Q)         0.478     0.478 r  FF7/q_int_reg/Q
                         net (fo=2, routed)           1.887     2.365    q7_OBUF
    U4                   OBUF (Prop_obuf_I_O)         2.765     5.130 r  q7_OBUF_inst/O
                         net (fo=0)                   0.000     5.130    q7
    U4                                                                r  q7 (OUT)
  -------------------------------------------------------------------    -------------------

Slack:                    inf
  Source:                 FF3/q_int_reg/C
                            (rising edge-triggered cell FDCE)
  Destination:            q3
                            (output port)
  Path Group:             (none)
  Path Type:              Max at Slow Process Corner
  Data Path Delay:        5.100ns  (logic 3.229ns (63.308%)  route 1.871ns (36.692%))
  Logic Levels:           2  (FDCE=1 OBUF=1)

    Location             Delay type                Incr(ns)  Path(ns)    Netlist Resource(s)
  -------------------------------------------------------------------    -------------------
    SLICE_X0Y3           FDCE                         0.000     0.000 r  FF3/q_int_reg/C
    SLICE_X0Y3           FDCE (Prop_fdce_C_Q)         0.478     0.478 r  FF3/q_int_reg/Q
                         net (fo=6, routed)           1.871     2.349    q3_OBUF
    U5                   OBUF (Prop_obuf_I_O)         2.751     5.100 r  q3_OBUF_inst/O
                         net (fo=0)                   0.000     5.100    q3
    U5                                                                r  q3 (OUT)
  -------------------------------------------------------------------    -------------------

Slack:                    inf
  Source:                 FF2/q_int_reg/C
                            (rising edge-triggered cell FDCE)
  Destination:            q2
                            (output port)
  Path Group:             (none)
  Path Type:              Max at Slow Process Corner
  Data Path Delay:        5.093ns  (logic 3.103ns (60.925%)  route 1.990ns (39.075%))
  Logic Levels:           2  (FDCE=1 OBUF=1)

    Location             Delay type                Incr(ns)  Path(ns)    Netlist Resource(s)
  -------------------------------------------------------------------    -------------------
    SLICE_X0Y2           FDCE                         0.000     0.000 r  FF2/q_int_reg/C
    SLICE_X0Y2           FDCE (Prop_fdce_C_Q)         0.518     0.518 r  FF2/q_int_reg/Q
                         net (fo=7, routed)           1.990     2.508    q2_OBUF
    V7                   OBUF (Prop_obuf_I_O)         2.585     5.093 r  q2_OBUF_inst/O
                         net (fo=0)                   0.000     5.093    q2
    V7                                                                r  q2 (OUT)
  -------------------------------------------------------------------    -------------------

Slack:                    inf
  Source:                 FF4/q_int_reg/C
                            (rising edge-triggered cell FDCE)
  Destination:            q4
                            (output port)
  Path Group:             (none)
  Path Type:              Max at Slow Process Corner
  Data Path Delay:        4.995ns  (logic 3.098ns (62.011%)  route 1.898ns (37.989%))
  Logic Levels:           2  (FDCE=1 OBUF=1)

    Location             Delay type                Incr(ns)  Path(ns)    Netlist Resource(s)
  -------------------------------------------------------------------    -------------------
    SLICE_X0Y2           FDCE                         0.000     0.000 r  FF4/q_int_reg/C
    SLICE_X0Y2           FDCE (Prop_fdce_C_Q)         0.518     0.518 r  FF4/q_int_reg/Q
                         net (fo=5, routed)           1.898     2.416    q4_OBUF
    U6                   OBUF (Prop_obuf_I_O)         2.580     4.995 r  q4_OBUF_inst/O
                         net (fo=0)                   0.000     4.995    q4
    U6                                                                r  q4 (OUT)
  -------------------------------------------------------------------    -------------------

Slack:                    inf
  Source:                 FF5/q_int_reg/C
                            (rising edge-triggered cell FDCE)
  Destination:            q5
                            (output port)
  Path Group:             (none)
  Path Type:              Max at Slow Process Corner
  Data Path Delay:        4.842ns  (logic 3.105ns (64.132%)  route 1.737ns (35.868%))
  Logic Levels:           2  (FDCE=1 OBUF=1)

    Location             Delay type                Incr(ns)  Path(ns)    Netlist Resource(s)
  -------------------------------------------------------------------    -------------------
    SLICE_X0Y2           FDCE                         0.000     0.000 r  FF5/q_int_reg/C
    SLICE_X0Y2           FDCE (Prop_fdce_C_Q)         0.518     0.518 r  FF5/q_int_reg/Q
                         net (fo=4, routed)           1.737     2.255    q5_OBUF
    V4                   OBUF (Prop_obuf_I_O)         2.587     4.842 r  q5_OBUF_inst/O
                         net (fo=0)                   0.000     4.842    q5
    V4                                                                r  q5 (OUT)
  -------------------------------------------------------------------    -------------------

Slack:                    inf
  Source:                 FF6/q_int_reg/C
                            (rising edge-triggered cell FDCE)
  Destination:            q6
                            (output port)
  Path Group:             (none)
  Path Type:              Max at Slow Process Corner
  Data Path Delay:        4.836ns  (logic 3.101ns (64.130%)  route 1.735ns (35.870%))
  Logic Levels:           2  (FDCE=1 OBUF=1)

    Location             Delay type                Incr(ns)  Path(ns)    Netlist Resource(s)
  -------------------------------------------------------------------    -------------------
    SLICE_X0Y3           FDCE                         0.000     0.000 r  FF6/q_int_reg/C
    SLICE_X0Y3           FDCE (Prop_fdce_C_Q)         0.518     0.518 r  FF6/q_int_reg/Q
                         net (fo=3, routed)           1.735     2.253    q6_OBUF
    V5                   OBUF (Prop_obuf_I_O)         2.583     4.836 r  q6_OBUF_inst/O
                         net (fo=0)                   0.000     4.836    q6
    V5                                                                r  q6 (OUT)
  -------------------------------------------------------------------    -------------------

Slack:                    inf
  Source:                 FF1/q_int_reg/C
                            (rising edge-triggered cell FDCE)
  Destination:            q1
                            (output port)
  Path Group:             (none)
  Path Type:              Max at Slow Process Corner
  Data Path Delay:        4.671ns  (logic 3.106ns (66.500%)  route 1.565ns (33.500%))
  Logic Levels:           2  (FDCE=1 OBUF=1)

    Location             Delay type                Incr(ns)  Path(ns)    Netlist Resource(s)
  -------------------------------------------------------------------    -------------------
    SLICE_X0Y3           FDCE                         0.000     0.000 r  FF1/q_int_reg/C
    SLICE_X0Y3           FDCE (Prop_fdce_C_Q)         0.518     0.518 r  FF1/q_int_reg/Q
                         net (fo=8, routed)           1.565     2.083    q1_OBUF
    W7                   OBUF (Prop_obuf_I_O)         2.588     4.671 r  q1_OBUF_inst/O
                         net (fo=0)                   0.000     4.671    q1
    W7                                                                r  q1 (OUT)
  -------------------------------------------------------------------    -------------------

Slack:                    inf
  Source:                 FF0/q_int_reg/C
                            (rising edge-triggered cell FDCE)
  Destination:            q0
                            (output port)
  Path Group:             (none)
  Path Type:              Max at Slow Process Corner
  Data Path Delay:        4.631ns  (logic 3.054ns (65.953%)  route 1.577ns (34.047%))
  Logic Levels:           2  (FDCE=1 OBUF=1)

    Location             Delay type                Incr(ns)  Path(ns)    Netlist Resource(s)
  -------------------------------------------------------------------    -------------------
    SLICE_X1Y2           FDCE                         0.000     0.000 r  FF0/q_int_reg/C
    SLICE_X1Y2           FDCE (Prop_fdce_C_Q)         0.456     0.456 r  FF0/q_int_reg/Q
                         net (fo=9, routed)           1.577     2.033    q0_OBUF
    W6                   OBUF (Prop_obuf_I_O)         2.598     4.631 r  q0_OBUF_inst/O
                         net (fo=0)                   0.000     4.631    q0
    W6                                                                r  q0 (OUT)
  -------------------------------------------------------------------    -------------------

Slack:                    inf
  Source:                 Input
                            (input port)
  Destination:            FF7/q_int_reg/D
  Path Group:             (none)
  Path Type:              Max at Slow Process Corner
  Data Path Delay:        3.444ns  (logic 1.191ns (34.577%)  route 2.253ns (65.423%))
  Logic Levels:           3  (IBUF=1 LUT5=1 LUT6=1)

    Location             Delay type                Incr(ns)  Path(ns)    Netlist Resource(s)
  -------------------------------------------------------------------    -------------------
    U7                                                0.000     0.000 r  Input (IN)
                         net (fo=0)                   0.000     0.000    Input
    U7                   IBUF (Prop_ibuf_I_O)         0.915     0.915 r  Input_IBUF_inst/O
                         net (fo=7, routed)           1.583     2.498    FF3/Input_IBUF
    SLICE_X0Y3           LUT6 (Prop_lut6_I1_O)        0.124     2.622 r  FF3/q_int_i_3/O
                         net (fo=2, routed)           0.670     3.292    FF3/q_int_i_3_n_0
    SLICE_X0Y3           LUT5 (Prop_lut5_I3_O)        0.152     3.444 r  FF3/q_int_i_1__1/O
                         net (fo=1, routed)           0.000     3.444    FF7/q_int_reg_0
    SLICE_X0Y3           FDCE                                         r  FF7/q_int_reg/D
  -------------------------------------------------------------------    -------------------

Slack:                    inf
  Source:                 Input
                            (input port)
  Destination:            FF6/q_int_reg/D
  Path Group:             (none)
  Path Type:              Max at Slow Process Corner
  Data Path Delay:        3.416ns  (logic 1.163ns (34.041%)  route 2.253ns (65.959%))
  Logic Levels:           3  (IBUF=1 LUT4=1 LUT6=1)

    Location             Delay type                Incr(ns)  Path(ns)    Netlist Resource(s)
  -------------------------------------------------------------------    -------------------
    U7                                                0.000     0.000 r  Input (IN)
                         net (fo=0)                   0.000     0.000    Input
    U7                   IBUF (Prop_ibuf_I_O)         0.915     0.915 r  Input_IBUF_inst/O
                         net (fo=7, routed)           1.583     2.498    FF3/Input_IBUF
    SLICE_X0Y3           LUT6 (Prop_lut6_I1_O)        0.124     2.622 r  FF3/q_int_i_3/O
                         net (fo=2, routed)           0.670     3.292    FF3/q_int_i_3_n_0
    SLICE_X0Y3           LUT4 (Prop_lut4_I2_O)        0.124     3.416 r  FF3/q_int_i_1__2/O
                         net (fo=1, routed)           0.000     3.416    FF6/q_int_reg_0
    SLICE_X0Y3           FDCE                                         r  FF6/q_int_reg/D
  -------------------------------------------------------------------    -------------------





Min Delay Paths
--------------------------------------------------------------------------------------
Slack:                    inf
  Source:                 FF0/q_int_reg/C
                            (rising edge-triggered cell FDCE)
  Destination:            FF2/q_int_reg/D
  Path Group:             (none)
  Path Type:              Min at Fast Process Corner
  Data Path Delay:        0.308ns  (logic 0.186ns (60.486%)  route 0.122ns (39.514%))
  Logic Levels:           2  (FDCE=1 LUT4=1)

    Location             Delay type                Incr(ns)  Path(ns)    Netlist Resource(s)
  -------------------------------------------------------------------    -------------------
    SLICE_X1Y2           FDCE                         0.000     0.000 r  FF0/q_int_reg/C
    SLICE_X1Y2           FDCE (Prop_fdce_C_Q)         0.141     0.141 r  FF0/q_int_reg/Q
                         net (fo=9, routed)           0.122     0.263    FF1/q0_OBUF
    SLICE_X0Y2           LUT4 (Prop_lut4_I1_O)        0.045     0.308 r  FF1/q_int_i_1__6/O
                         net (fo=1, routed)           0.000     0.308    FF2/q_int_reg_1
    SLICE_X0Y2           FDCE                                         r  FF2/q_int_reg/D
  -------------------------------------------------------------------    -------------------

Slack:                    inf
  Source:                 FF0/q_int_reg/C
                            (rising edge-triggered cell FDCE)
  Destination:            FF4/q_int_reg/D
  Path Group:             (none)
  Path Type:              Min at Fast Process Corner
  Data Path Delay:        0.312ns  (logic 0.186ns (59.709%)  route 0.126ns (40.291%))
  Logic Levels:           2  (FDCE=1 LUT6=1)

    Location             Delay type                Incr(ns)  Path(ns)    Netlist Resource(s)
  -------------------------------------------------------------------    -------------------
    SLICE_X1Y2           FDCE                         0.000     0.000 r  FF0/q_int_reg/C
    SLICE_X1Y2           FDCE (Prop_fdce_C_Q)         0.141     0.141 r  FF0/q_int_reg/Q
                         net (fo=9, routed)           0.126     0.267    FF2/q0_OBUF
    SLICE_X0Y2           LUT6 (Prop_lut6_I2_O)        0.045     0.312 r  FF2/q_int_i_1__4/O
                         net (fo=1, routed)           0.000     0.312    FF4/q_int_reg_1
    SLICE_X0Y2           FDCE                                         r  FF4/q_int_reg/D
  -------------------------------------------------------------------    -------------------

Slack:                    inf
  Source:                 FF0/q_int_reg/C
                            (rising edge-triggered cell FDCE)
  Destination:            FF0/q_int_reg/D
  Path Group:             (none)
  Path Type:              Min at Fast Process Corner
  Data Path Delay:        0.377ns  (logic 0.186ns (49.401%)  route 0.191ns (50.599%))
  Logic Levels:           2  (FDCE=1 LUT1=1)

    Location             Delay type                Incr(ns)  Path(ns)    Netlist Resource(s)
  -------------------------------------------------------------------    -------------------
    SLICE_X1Y2           FDCE                         0.000     0.000 r  FF0/q_int_reg/C
    SLICE_X1Y2           FDCE (Prop_fdce_C_Q)         0.141     0.141 f  FF0/q_int_reg/Q
                         net (fo=9, routed)           0.191     0.332    FF0/q0_OBUF
    SLICE_X1Y2           LUT1 (Prop_lut1_I0_O)        0.045     0.377 r  FF0/q_int_i_1/O
                         net (fo=1, routed)           0.000     0.377    FF0/q_int_i_1_n_0
    SLICE_X1Y2           FDCE                                         r  FF0/q_int_reg/D
  -------------------------------------------------------------------    -------------------

Slack:                    inf
  Source:                 FF1/q_int_reg/C
                            (rising edge-triggered cell FDCE)
  Destination:            FF3/q_int_reg/D
  Path Group:             (none)
  Path Type:              Min at Fast Process Corner
  Data Path Delay:        0.407ns  (logic 0.207ns (50.914%)  route 0.200ns (49.086%))
  Logic Levels:           2  (FDCE=1 LUT5=1)

    Location             Delay type                Incr(ns)  Path(ns)    Netlist Resource(s)
  -------------------------------------------------------------------    -------------------
    SLICE_X0Y3           FDCE                         0.000     0.000 r  FF1/q_int_reg/C
    SLICE_X0Y3           FDCE (Prop_fdce_C_Q)         0.164     0.164 r  FF1/q_int_reg/Q
                         net (fo=8, routed)           0.200     0.364    FF0/q1_OBUF
    SLICE_X0Y3           LUT5 (Prop_lut5_I2_O)        0.043     0.407 r  FF0/q_int_i_1__5/O
                         net (fo=1, routed)           0.000     0.407    FF3/q_int_reg_2
    SLICE_X0Y3           FDCE                                         r  FF3/q_int_reg/D
  -------------------------------------------------------------------    -------------------

Slack:                    inf
  Source:                 FF1/q_int_reg/C
                            (rising edge-triggered cell FDCE)
  Destination:            FF1/q_int_reg/D
  Path Group:             (none)
  Path Type:              Min at Fast Process Corner
  Data Path Delay:        0.409ns  (logic 0.209ns (51.154%)  route 0.200ns (48.846%))
  Logic Levels:           2  (FDCE=1 LUT3=1)

    Location             Delay type                Incr(ns)  Path(ns)    Netlist Resource(s)
  -------------------------------------------------------------------    -------------------
    SLICE_X0Y3           FDCE                         0.000     0.000 r  FF1/q_int_reg/C
    SLICE_X0Y3           FDCE (Prop_fdce_C_Q)         0.164     0.164 r  FF1/q_int_reg/Q
                         net (fo=8, routed)           0.200     0.364    FF0/q1_OBUF
    SLICE_X0Y3           LUT3 (Prop_lut3_I2_O)        0.045     0.409 r  FF0/q_int_i_1__0/O
                         net (fo=1, routed)           0.000     0.409    FF1/q_int_reg_1
    SLICE_X0Y3           FDCE                                         r  FF1/q_int_reg/D
  -------------------------------------------------------------------    -------------------

Slack:                    inf
  Source:                 FF6/q_int_reg/C
                            (rising edge-triggered cell FDCE)
  Destination:            FF7/q_int_reg/D
  Path Group:             (none)
  Path Type:              Min at Fast Process Corner
  Data Path Delay:        0.443ns  (logic 0.208ns (46.903%)  route 0.235ns (53.097%))
  Logic Levels:           2  (FDCE=1 LUT5=1)

    Location             Delay type                Incr(ns)  Path(ns)    Netlist Resource(s)
  -------------------------------------------------------------------    -------------------
    SLICE_X0Y3           FDCE                         0.000     0.000 r  FF6/q_int_reg/C
    SLICE_X0Y3           FDCE (Prop_fdce_C_Q)         0.164     0.164 r  FF6/q_int_reg/Q
                         net (fo=3, routed)           0.235     0.399    FF3/q6_OBUF
    SLICE_X0Y3           LUT5 (Prop_lut5_I2_O)        0.044     0.443 r  FF3/q_int_i_1__1/O
                         net (fo=1, routed)           0.000     0.443    FF7/q_int_reg_0
    SLICE_X0Y3           FDCE                                         r  FF7/q_int_reg/D
  -------------------------------------------------------------------    -------------------

Slack:                    inf
  Source:                 FF6/q_int_reg/C
                            (rising edge-triggered cell FDCE)
  Destination:            FF6/q_int_reg/D
  Path Group:             (none)
  Path Type:              Min at Fast Process Corner
  Data Path Delay:        0.444ns  (logic 0.209ns (47.022%)  route 0.235ns (52.978%))
  Logic Levels:           2  (FDCE=1 LUT4=1)

    Location             Delay type                Incr(ns)  Path(ns)    Netlist Resource(s)
  -------------------------------------------------------------------    -------------------
    SLICE_X0Y3           FDCE                         0.000     0.000 r  FF6/q_int_reg/C
    SLICE_X0Y3           FDCE (Prop_fdce_C_Q)         0.164     0.164 r  FF6/q_int_reg/Q
                         net (fo=3, routed)           0.235     0.399    FF3/q6_OBUF
    SLICE_X0Y3           LUT4 (Prop_lut4_I3_O)        0.045     0.444 r  FF3/q_int_i_1__2/O
                         net (fo=1, routed)           0.000     0.444    FF6/q_int_reg_0
    SLICE_X0Y3           FDCE                                         r  FF6/q_int_reg/D
  -------------------------------------------------------------------    -------------------

Slack:                    inf
  Source:                 FF5/q_int_reg/C
                            (rising edge-triggered cell FDCE)
  Destination:            FF5/q_int_reg/D
  Path Group:             (none)
  Path Type:              Min at Fast Process Corner
  Data Path Delay:        0.457ns  (logic 0.209ns (45.773%)  route 0.248ns (54.227%))
  Logic Levels:           2  (FDCE=1 LUT2=1)

    Location             Delay type                Incr(ns)  Path(ns)    Netlist Resource(s)
  -------------------------------------------------------------------    -------------------
    SLICE_X0Y2           FDCE                         0.000     0.000 r  FF5/q_int_reg/C
    SLICE_X0Y2           FDCE (Prop_fdce_C_Q)         0.164     0.164 r  FF5/q_int_reg/Q
                         net (fo=4, routed)           0.248     0.412    FF4/q5_OBUF
    SLICE_X0Y2           LUT2 (Prop_lut2_I1_O)        0.045     0.457 r  FF4/q_int_i_1__3/O
                         net (fo=1, routed)           0.000     0.457    FF5/q_int_reg_0
    SLICE_X0Y2           FDCE                                         r  FF5/q_int_reg/D
  -------------------------------------------------------------------    -------------------

Slack:                    inf
  Source:                 Reset
                            (input port)
  Destination:            FF0/q_int_reg/CLR
  Path Group:             (none)
  Path Type:              Min at Fast Process Corner
  Data Path Delay:        0.585ns  (logic 0.165ns (28.155%)  route 0.420ns (71.845%))
  Logic Levels:           1  (IBUF=1)

    Location             Delay type                Incr(ns)  Path(ns)    Netlist Resource(s)
  -------------------------------------------------------------------    -------------------
    W5                                                0.000     0.000 f  Reset (IN)
                         net (fo=0)                   0.000     0.000    Reset
    W5                   IBUF (Prop_ibuf_I_O)         0.165     0.165 f  Reset_IBUF_inst/O
                         net (fo=8, routed)           0.420     0.585    FF0/Reset_IBUF
    SLICE_X1Y2           FDCE                                         f  FF0/q_int_reg/CLR
  -------------------------------------------------------------------    -------------------

Slack:                    inf
  Source:                 Reset
                            (input port)
  Destination:            FF2/q_int_reg/CLR
  Path Group:             (none)
  Path Type:              Min at Fast Process Corner
  Data Path Delay:        0.585ns  (logic 0.165ns (28.155%)  route 0.420ns (71.845%))
  Logic Levels:           1  (IBUF=1)

    Location             Delay type                Incr(ns)  Path(ns)    Netlist Resource(s)
  -------------------------------------------------------------------    -------------------
    W5                                                0.000     0.000 f  Reset (IN)
                         net (fo=0)                   0.000     0.000    Reset
    W5                   IBUF (Prop_ibuf_I_O)         0.165     0.165 f  Reset_IBUF_inst/O
                         net (fo=8, routed)           0.420     0.585    FF2/Reset_IBUF
    SLICE_X0Y2           FDCE                                         f  FF2/q_int_reg/CLR
  -------------------------------------------------------------------    -------------------





