#-----------------------------------------------------------
# Vivado v2025.2 (64-bit)
# SW Build 6299465 on Fri Nov 14 19:35:11 GMT 2025
# IP Build 6300035 on Fri Nov 14 10:48:45 MST 2025
# SharedData Build 6298862 on Thu Nov 13 04:50:51 MST 2025
# Start of session at: Fri Apr  3 15:59:16 2026
# Process ID         : 26784
# Current directory  : C:/Users/liubo/Documents/GitHub projects/DDSP/Assignment3
# Command line       : vivado.exe -gui_launcher_event rodinguilauncherevent19996 C:\Users\liubo\Documents\GitHub projects\DDSP\Assignment3\Assignment3.xpr
# Log file           : C:/Users/liubo/Documents/GitHub projects/DDSP/Assignment3/vivado.log
# Journal file       : C:/Users/liubo/Documents/GitHub projects/DDSP/Assignment3\vivado.jou
# Running On         : DESKTOP-QU8QVCL
# Platform           : Windows Server 2016 or Windows 10
# Operating System   : 26200
# Processor Detail   : 13th Gen Intel(R) Core(TM) i7-13705H
# CPU Frequency      : 2918 MHz
# CPU Physical cores : 14
# CPU Logical cores  : 20
# Host memory        : 34086 MB
# Swap memory        : 2147 MB
# Total Virtual      : 36234 MB
# Available Virtual  : 18153 MB
#-----------------------------------------------------------
start_gui
open_project {C:/Users/liubo/Documents/GitHub projects/DDSP/Assignment3/Assignment3.xpr}
update_compile_order -fileset sources_1
synth_design -rtl -rtl_skip_mlo -name rtl_1
# Disabling source management mode.  This is to allow the top design properties to be set without GUI intervention.
set_property source_mgmt_mode None [current_project]
set_property top control [current_fileset]
# Re-enabling previously disabled source management mode.
set_property source_mgmt_mode All [current_project]
update_compile_order -fileset sources_1
reset_run synth_1
launch_runs synth_1 -jobs 12
wait_on_run synth_1
export_ip_user_files -of_objects  [get_files D:/Downloads/Zedboard-Master.xdc] -no_script -reset -force -quiet
remove_files  -fileset constrs_1 D:/Downloads/Zedboard-Master.xdc
reset_run synth_1
launch_runs synth_1 -jobs 12
wait_on_run synth_1
reset_run synth_1
launch_runs synth_1 -jobs 12
wait_on_run synth_1
launch_runs impl_1 -jobs 12
wait_on_run impl_1
open_run impl_1
synth_design -rtl -rtl_skip_mlo -name rtl_1
# Disabling source management mode.  This is to allow the top design properties to be set without GUI intervention.
set_property source_mgmt_mode None [current_project]
set_property top FULL [current_fileset]
# Re-enabling previously disabled source management mode.
set_property source_mgmt_mode All [current_project]
update_compile_order -fileset sources_1
reset_run synth_1
launch_runs synth_1 -jobs 12
wait_on_run synth_1
launch_runs impl_1 -jobs 12
wait_on_run impl_1
current_design impl_1
refresh_design
current_design rtl_1
refresh_design
synth_design -top FULL -part xc7z020clg484-1 -lint 
close [ open {C:/Users/liubo/Documents/GitHub projects/DDSP/Assignment3/Assignment3.srcs/sources_1/new/sine_wave.vhd} w ]
add_files {{C:/Users/liubo/Documents/GitHub projects/DDSP/Assignment3/Assignment3.srcs/sources_1/new/sine_wave.vhd}}
update_compile_order -fileset sources_1
update_compile_order -fileset sources_1
update_compile_order -fileset sources_1
update_compile_order -fileset sources_1
update_compile_order -fileset sources_1
refresh_design
