#-----------------------------------------------------------
# Vivado v2025.2 (64-bit)
# SW Build 6299465 on Fri Nov 14 19:35:11 GMT 2025
# IP Build 6300035 on Fri Nov 14 10:48:45 MST 2025
# SharedData Build 6298862 on Thu Nov 13 04:50:51 MST 2025
# Start of session at: Mon Apr  6 15:12:32 2026
# Process ID         : 47436
# Current directory  : C:/Users/liubo/Documents/GitHub projects/DDSP/Assignment3
# Command line       : vivado.exe -gui_launcher_event rodinguilauncherevent48784 C:\Users\liubo\Documents\GitHub projects\DDSP\Assignment3\Assignment3.xpr
# Log file           : C:/Users/liubo/Documents/GitHub projects/DDSP/Assignment3/vivado.log
# Journal file       : C:/Users/liubo/Documents/GitHub projects/DDSP/Assignment3\vivado.jou
# Running On         : DESKTOP-QU8QVCL
# Platform           : Windows Server 2016 or Windows 10
# Operating System   : 26200
# Processor Detail   : 13th Gen Intel(R) Core(TM) i7-13705H
# CPU Frequency      : 2918 MHz
# CPU Physical cores : 14
# CPU Logical cores  : 20
# Host memory        : 34086 MB
# Swap memory        : 2147 MB
# Total Virtual      : 36234 MB
# Available Virtual  : 18877 MB
#-----------------------------------------------------------
start_gui
open_project {C:/Users/liubo/Documents/GitHub projects/DDSP/Assignment3/Assignment3.xpr}
update_compile_order -fileset sources_1
reset_run synth_1
launch_runs synth_1 -jobs 12
wait_on_run synth_1
launch_runs impl_1 -jobs 12
wait_on_run impl_1
open_run impl_1
synth_design -top FULL -part xc7z020clg484-1 -lint 
synth_design -rtl -rtl_skip_mlo -name rtl_1
launch_simulation
launch_simulation
open_wave_config {C:/Users/liubo/Documents/GitHub projects/DDSP/Assignment3/tb_FULL_behav.wcfg}
source tb_FULL.tcl
close_sim
launch_simulation
open_wave_config {C:/Users/liubo/Documents/GitHub projects/DDSP/Assignment3/tb_FULL_behav.wcfg}
source tb_FULL.tcl
save_wave_config {C:/Users/liubo/Documents/GitHub projects/DDSP/Assignment3/tb_FULL_behav.wcfg}
close_sim
launch_simulation
open_wave_config {C:/Users/liubo/Documents/GitHub projects/DDSP/Assignment3/tb_FULL_behav.wcfg}
source tb_FULL.tcl
update_compile_order -fileset sim_1
update_compile_order -fileset sim_1
close_sim
launch_simulation
open_wave_config {C:/Users/liubo/Documents/GitHub projects/DDSP/Assignment3/tb_FULL_behav.wcfg}
source tb_FULL.tcl
save_wave_config {C:/Users/liubo/Documents/GitHub projects/DDSP/Assignment3/tb_FULL_behav.wcfg}
close_sim
launch_simulation
open_wave_config {C:/Users/liubo/Documents/GitHub projects/DDSP/Assignment3/tb_FULL_behav.wcfg}
source tb_FULL.tcl
close_sim
launch_simulation
open_wave_config {C:/Users/liubo/Documents/GitHub projects/DDSP/Assignment3/tb_FULL_behav.wcfg}
source tb_FULL.tcl
close_sim
launch_simulation
open_wave_config {C:/Users/liubo/Documents/GitHub projects/DDSP/Assignment3/tb_FULL_behav.wcfg}
source tb_FULL.tcl
close_sim
launch_simulation
open_wave_config {C:/Users/liubo/Documents/GitHub projects/DDSP/Assignment3/tb_FULL_behav.wcfg}
source tb_FULL.tcl
set_property -name {xsim.simulate.runtime} -value {5ms} -objects [get_filesets sim_1]
save_wave_config {C:/Users/liubo/Documents/GitHub projects/DDSP/Assignment3/tb_FULL_behav.wcfg}
close_sim
launch_simulation
open_wave_config {C:/Users/liubo/Documents/GitHub projects/DDSP/Assignment3/tb_FULL_behav.wcfg}
source tb_FULL.tcl
close_sim
launch_simulation
open_wave_config {C:/Users/liubo/Documents/GitHub projects/DDSP/Assignment3/tb_FULL_behav.wcfg}
source tb_FULL.tcl
close_sim
launch_simulation
open_wave_config {C:/Users/liubo/Documents/GitHub projects/DDSP/Assignment3/tb_FULL_behav.wcfg}
source tb_FULL.tcl
close_sim
