#-----------------------------------------------------------
# Vivado v2025.2 (64-bit)
# SW Build 6299465 on Fri Nov 14 19:35:11 GMT 2025
# IP Build 6300035 on Fri Nov 14 10:48:45 MST 2025
# SharedData Build 6298862 on Thu Nov 13 04:50:51 MST 2025
# Start of session at: Tue Mar 17 11:16:41 2026
# Process ID         : 18644
# Current directory  : C:/Users/usnam/Documents/GitHub/DDSP/Assignment2/Datapath/Datapath.runs/synth_1
# Command line       : vivado.exe -log Datapath.vds -product Vivado -mode batch -messageDb vivado.pb -notrace -source Datapath.tcl
# Log file           : C:/Users/usnam/Documents/GitHub/DDSP/Assignment2/Datapath/Datapath.runs/synth_1/Datapath.vds
# Journal file       : C:/Users/usnam/Documents/GitHub/DDSP/Assignment2/Datapath/Datapath.runs/synth_1\vivado.jou
# Running On         : JoniDeLaMircesti
# Platform           : Windows Server 2016 or Windows 10
# Operating System   : 26200
# Processor Detail   : AMD Ryzen 7 7840HS with Radeon 780M Graphics   
# CPU Frequency      : 3793 MHz
# CPU Physical cores : 8
# CPU Logical cores  : 16
# Host memory        : 33492 MB
# Swap memory        : 2147 MB
# Total Virtual      : 35639 MB
# Available Virtual  : 19721 MB
#-----------------------------------------------------------
source Datapath.tcl -notrace
