Copyright 1986-2022 Xilinx, Inc. All Rights Reserved. Copyright 2022-2025 Advanced Micro Devices, Inc. All Rights Reserved.
------------------------------------------------------------------------------------------------------------------------------------------------------------------------------------------------------------------------
| Tool Version : Vivado v.2025.2 (win64) Build 6299465 Fri Nov 14 19:35:11 GMT 2025
| Date         : Sun Mar 15 22:00:05 2026
| Host         : Viktorio running 64-bit major release  (build 9200)
| Command      : report_timing_summary -max_paths 10 -routable_nets -report_unconstrained -file PIPO_timing_summary_routed.rpt -pb PIPO_timing_summary_routed.pb -rpx PIPO_timing_summary_routed.rpx -warn_on_violation
| Design       : PIPO
| Device       : 7z020-clg484
| Speed File   : -1  PRODUCTION 1.12 2019-11-22
| Design State : Routed
------------------------------------------------------------------------------------------------------------------------------------------------------------------------------------------------------------------------

Timing Summary Report

------------------------------------------------------------------------------------------------
| Timer Settings
| --------------
------------------------------------------------------------------------------------------------

  Enable Multi Corner Analysis               :  Yes
  Enable Pessimism Removal                   :  Yes
  Pessimism Removal Resolution               :  Nearest Common Node
  Enable Input Delay Default Clock           :  No
  Enable Preset / Clear Arcs                 :  No
  Disable Flight Delays                      :  No
  Ignore I/O Paths                           :  No
  Timing Early Launch at Borrowing Latches   :  No
  Borrow Time for Max Delay Exceptions       :  Yes
  Merge Timing Exceptions                    :  Yes
  Inter-SLR Compensation                     :  Conservative

  Corner  Analyze    Analyze    
  Name    Max Paths  Min Paths  
  ------  ---------  ---------  
  Slow    Yes        Yes        
  Fast    Yes        Yes        


------------------------------------------------------------------------------------------------
| Report Methodology
| ------------------
------------------------------------------------------------------------------------------------

Rule       Severity          Description                  Violations  
---------  ----------------  ---------------------------  ----------  
TIMING-17  Critical Warning  Non-clocked sequential cell  32          

Note: This report is based on the most recent report_methodology run and may not be up-to-date. Run report_methodology on the current design for the latest report.



check_timing report

Table of Contents
-----------------
1. checking no_clock (32)
2. checking constant_clock (0)
3. checking pulse_width_clock (0)
4. checking unconstrained_internal_endpoints (64)
5. checking no_input_delay (33)
6. checking no_output_delay (32)
7. checking multiple_clock (0)
8. checking generated_clocks (0)
9. checking loops (0)
10. checking partial_input_delay (0)
11. checking partial_output_delay (0)
12. checking latch_loops (0)

1. checking no_clock (32)
-------------------------
 There are 32 register/latch pins with no clock driven by root clock pin: clk (HIGH)


2. checking constant_clock (0)
------------------------------
 There are 0 register/latch pins with constant_clock.


3. checking pulse_width_clock (0)
---------------------------------
 There are 0 register/latch pins which need pulse_width check


4. checking unconstrained_internal_endpoints (64)
-------------------------------------------------
 There are 64 pins that are not constrained for maximum delay. (HIGH)

 There are 0 pins that are not constrained for maximum delay due to constant clock.


5. checking no_input_delay (33)
-------------------------------
 There are 33 input ports with no input delay specified. (HIGH)

 There are 0 input ports with no input delay but user has a false path constraint.


6. checking no_output_delay (32)
--------------------------------
 There are 32 ports with no output delay specified. (HIGH)

 There are 0 ports with no output delay but user has a false path constraint

 There are 0 ports with no output delay but with a timing clock defined on it or propagating through it


7. checking multiple_clock (0)
------------------------------
 There are 0 register/latch pins with multiple clocks.


8. checking generated_clocks (0)
--------------------------------
 There are 0 generated clocks that are not connected to a clock source.


9. checking loops (0)
---------------------
 There are 0 combinational loops in the design.


10. checking partial_input_delay (0)
------------------------------------
 There are 0 input ports with partial input delay specified.


11. checking partial_output_delay (0)
-------------------------------------
 There are 0 ports with partial output delay specified.


12. checking latch_loops (0)
----------------------------
 There are 0 combinational latch loops in the design through latch input



------------------------------------------------------------------------------------------------
| Design Timing Summary
| ---------------------
------------------------------------------------------------------------------------------------

    WNS(ns)      TNS(ns)  TNS Failing Endpoints  TNS Total Endpoints      WHS(ns)      THS(ns)  THS Failing Endpoints  THS Total Endpoints     WPWS(ns)     TPWS(ns)  TPWS Failing Endpoints  TPWS Total Endpoints  
    -------      -------  ---------------------  -------------------      -------      -------  ---------------------  -------------------     --------     --------  ----------------------  --------------------  
        inf        0.000                      0                   96          inf        0.000                      0                   96           NA           NA                      NA                    NA  


There are no user specified timing constraints.


------------------------------------------------------------------------------------------------
| Clock Summary
| -------------
------------------------------------------------------------------------------------------------


------------------------------------------------------------------------------------------------
| Intra Clock Table
| -----------------
------------------------------------------------------------------------------------------------

Clock             WNS(ns)      TNS(ns)  TNS Failing Endpoints  TNS Total Endpoints      WHS(ns)      THS(ns)  THS Failing Endpoints  THS Total Endpoints     WPWS(ns)     TPWS(ns)  TPWS Failing Endpoints  TPWS Total Endpoints  
-----             -------      -------  ---------------------  -------------------      -------      -------  ---------------------  -------------------     --------     --------  ----------------------  --------------------  


------------------------------------------------------------------------------------------------
| Inter Clock Table
| -----------------
------------------------------------------------------------------------------------------------

From Clock    To Clock          WNS(ns)      TNS(ns)  TNS Failing Endpoints  TNS Total Endpoints      WHS(ns)      THS(ns)  THS Failing Endpoints  THS Total Endpoints  
----------    --------          -------      -------  ---------------------  -------------------      -------      -------  ---------------------  -------------------  


------------------------------------------------------------------------------------------------
| Other Path Groups Table
| -----------------------
------------------------------------------------------------------------------------------------

Path Group    From Clock    To Clock          WNS(ns)      TNS(ns)  TNS Failing Endpoints  TNS Total Endpoints      WHS(ns)      THS(ns)  THS Failing Endpoints  THS Total Endpoints  
----------    ----------    --------          -------      -------  ---------------------  -------------------      -------      -------  ---------------------  -------------------  


------------------------------------------------------------------------------------------------
| User Ignored Path Table
| -----------------------
------------------------------------------------------------------------------------------------

Path Group    From Clock    To Clock    
----------    ----------    --------    


------------------------------------------------------------------------------------------------
| Unconstrained Path Table
| ------------------------
------------------------------------------------------------------------------------------------

Path Group    From Clock    To Clock    
----------    ----------    --------    
(none)                                    


------------------------------------------------------------------------------------------------
| Timing Details
| --------------
------------------------------------------------------------------------------------------------


--------------------------------------------------------------------------------------
Path Group:  (none)
From Clock:  
  To Clock:  

Max Delay            96 Endpoints
Min Delay            96 Endpoints
--------------------------------------------------------------------------------------


Max Delay Paths
--------------------------------------------------------------------------------------
Slack:                    inf
  Source:                 u3/internalBit_reg[6]/C
                            (rising edge-triggered cell FDCE)
  Destination:            QC[6]
                            (output port)
  Path Group:             (none)
  Path Type:              Max at Slow Process Corner
  Data Path Delay:        5.855ns  (logic 3.211ns (54.836%)  route 2.645ns (45.164%))
  Logic Levels:           2  (FDCE=1 OBUF=1)

    Location             Delay type                Incr(ns)  Path(ns)    Netlist Resource(s)
  -------------------------------------------------------------------    -------------------
    SLICE_X113Y72        FDCE                         0.000     0.000 r  u3/internalBit_reg[6]/C
    SLICE_X113Y72        FDCE (Prop_fdce_C_Q)         0.419     0.419 r  u3/internalBit_reg[6]/Q
                         net (fo=1, routed)           2.645     3.064    QC_OBUF[6]
    J15                  OBUF (Prop_obuf_I_O)         2.792     5.855 r  QC_OBUF[6]_inst/O
                         net (fo=0)                   0.000     5.855    QC[6]
    J15                                                               r  QC[6] (OUT)
  -------------------------------------------------------------------    -------------------

Slack:                    inf
  Source:                 u3/internalBit_reg[4]/C
                            (rising edge-triggered cell FDCE)
  Destination:            QC[4]
                            (output port)
  Path Group:             (none)
  Path Type:              Max at Slow Process Corner
  Data Path Delay:        5.733ns  (logic 3.236ns (56.444%)  route 2.497ns (43.556%))
  Logic Levels:           2  (FDCE=1 OBUF=1)

    Location             Delay type                Incr(ns)  Path(ns)    Netlist Resource(s)
  -------------------------------------------------------------------    -------------------
    SLICE_X113Y72        FDCE                         0.000     0.000 r  u3/internalBit_reg[4]/C
    SLICE_X113Y72        FDCE (Prop_fdce_C_Q)         0.419     0.419 r  u3/internalBit_reg[4]/Q
                         net (fo=1, routed)           2.497     2.916    QC_OBUF[4]
    J16                  OBUF (Prop_obuf_I_O)         2.817     5.733 r  QC_OBUF[4]_inst/O
                         net (fo=0)                   0.000     5.733    QC[4]
    J16                                                               r  QC[4] (OUT)
  -------------------------------------------------------------------    -------------------

Slack:                    inf
  Source:                 u3/internalBit_reg[7]/C
                            (rising edge-triggered cell FDCE)
  Destination:            QC[7]
                            (output port)
  Path Group:             (none)
  Path Type:              Max at Slow Process Corner
  Data Path Delay:        5.710ns  (logic 3.069ns (53.746%)  route 2.641ns (46.254%))
  Logic Levels:           2  (FDCE=1 OBUF=1)

    Location             Delay type                Incr(ns)  Path(ns)    Netlist Resource(s)
  -------------------------------------------------------------------    -------------------
    SLICE_X113Y73        FDCE                         0.000     0.000 r  u3/internalBit_reg[7]/C
    SLICE_X113Y73        FDCE (Prop_fdce_C_Q)         0.456     0.456 r  u3/internalBit_reg[7]/Q
                         net (fo=1, routed)           2.641     3.097    QC_OBUF[7]
    H15                  OBUF (Prop_obuf_I_O)         2.613     5.710 r  QC_OBUF[7]_inst/O
                         net (fo=0)                   0.000     5.710    QC[7]
    H15                                                               r  QC[7] (OUT)
  -------------------------------------------------------------------    -------------------

Slack:                    inf
  Source:                 u3/internalBit_reg[1]/C
                            (rising edge-triggered cell FDCE)
  Destination:            QC[1]
                            (output port)
  Path Group:             (none)
  Path Type:              Max at Slow Process Corner
  Data Path Delay:        5.629ns  (logic 3.128ns (55.568%)  route 2.501ns (44.432%))
  Logic Levels:           2  (FDCE=1 OBUF=1)

    Location             Delay type                Incr(ns)  Path(ns)    Netlist Resource(s)
  -------------------------------------------------------------------    -------------------
    SLICE_X112Y72        FDCE                         0.000     0.000 r  u3/internalBit_reg[1]/C
    SLICE_X112Y72        FDCE (Prop_fdce_C_Q)         0.518     0.518 r  u3/internalBit_reg[1]/Q
                         net (fo=1, routed)           2.501     3.019    QC_OBUF[1]
    L16                  OBUF (Prop_obuf_I_O)         2.610     5.629 r  QC_OBUF[1]_inst/O
                         net (fo=0)                   0.000     5.629    QC[1]
    L16                                                               r  QC[1] (OUT)
  -------------------------------------------------------------------    -------------------

Slack:                    inf
  Source:                 u3/internalBit_reg[2]/C
                            (rising edge-triggered cell FDCE)
  Destination:            QC[2]
                            (output port)
  Path Group:             (none)
  Path Type:              Max at Slow Process Corner
  Data Path Delay:        5.610ns  (logic 3.078ns (54.866%)  route 2.532ns (45.134%))
  Logic Levels:           2  (FDCE=1 OBUF=1)

    Location             Delay type                Incr(ns)  Path(ns)    Netlist Resource(s)
  -------------------------------------------------------------------    -------------------
    SLICE_X113Y72        FDCE                         0.000     0.000 r  u3/internalBit_reg[2]/C
    SLICE_X113Y72        FDCE (Prop_fdce_C_Q)         0.456     0.456 r  u3/internalBit_reg[2]/Q
                         net (fo=1, routed)           2.532     2.988    QC_OBUF[2]
    K16                  OBUF (Prop_obuf_I_O)         2.622     5.610 r  QC_OBUF[2]_inst/O
                         net (fo=0)                   0.000     5.610    QC[2]
    K16                                                               r  QC[2] (OUT)
  -------------------------------------------------------------------    -------------------

Slack:                    inf
  Source:                 u3/internalBit_reg[3]/C
                            (rising edge-triggered cell FDCE)
  Destination:            QC[3]
                            (output port)
  Path Group:             (none)
  Path Type:              Max at Slow Process Corner
  Data Path Delay:        5.606ns  (logic 3.113ns (55.523%)  route 2.493ns (44.477%))
  Logic Levels:           2  (FDCE=1 OBUF=1)

    Location             Delay type                Incr(ns)  Path(ns)    Netlist Resource(s)
  -------------------------------------------------------------------    -------------------
    SLICE_X112Y72        FDCE                         0.000     0.000 r  u3/internalBit_reg[3]/C
    SLICE_X112Y72        FDCE (Prop_fdce_C_Q)         0.518     0.518 r  u3/internalBit_reg[3]/Q
                         net (fo=1, routed)           2.493     3.011    QC_OBUF[3]
    J17                  OBUF (Prop_obuf_I_O)         2.595     5.606 r  QC_OBUF[3]_inst/O
                         net (fo=0)                   0.000     5.606    QC[3]
    J17                                                               r  QC[3] (OUT)
  -------------------------------------------------------------------    -------------------

Slack:                    inf
  Source:                 u3/internalBit_reg[5]/C
                            (rising edge-triggered cell FDCE)
  Destination:            QC[5]
                            (output port)
  Path Group:             (none)
  Path Type:              Max at Slow Process Corner
  Data Path Delay:        5.594ns  (logic 3.215ns (57.474%)  route 2.379ns (42.526%))
  Logic Levels:           2  (FDCE=1 OBUF=1)

    Location             Delay type                Incr(ns)  Path(ns)    Netlist Resource(s)
  -------------------------------------------------------------------    -------------------
    SLICE_X113Y72        FDCE                         0.000     0.000 r  u3/internalBit_reg[5]/C
    SLICE_X113Y72        FDCE (Prop_fdce_C_Q)         0.419     0.419 r  u3/internalBit_reg[5]/Q
                         net (fo=1, routed)           2.379     2.798    QC_OBUF[5]
    K15                  OBUF (Prop_obuf_I_O)         2.796     5.594 r  QC_OBUF[5]_inst/O
                         net (fo=0)                   0.000     5.594    QC[5]
    K15                                                               r  QC[5] (OUT)
  -------------------------------------------------------------------    -------------------

Slack:                    inf
  Source:                 u2/internalBit_reg[3]/C
                            (rising edge-triggered cell FDCE)
  Destination:            QB[3]
                            (output port)
  Path Group:             (none)
  Path Type:              Max at Slow Process Corner
  Data Path Delay:        5.527ns  (logic 3.047ns (55.141%)  route 2.479ns (44.859%))
  Logic Levels:           2  (FDCE=1 OBUF=1)

    Location             Delay type                Incr(ns)  Path(ns)    Netlist Resource(s)
  -------------------------------------------------------------------    -------------------
    SLICE_X113Y66        FDCE                         0.000     0.000 r  u2/internalBit_reg[3]/C
    SLICE_X113Y66        FDCE (Prop_fdce_C_Q)         0.456     0.456 r  u2/internalBit_reg[3]/Q
                         net (fo=1, routed)           2.479     2.935    QB_OBUF[3]
    M16                  OBUF (Prop_obuf_I_O)         2.591     5.527 r  QB_OBUF[3]_inst/O
                         net (fo=0)                   0.000     5.527    QB[3]
    M16                                                               r  QB[3] (OUT)
  -------------------------------------------------------------------    -------------------

Slack:                    inf
  Source:                 u2/internalBit_reg[2]/C
                            (rising edge-triggered cell FDCE)
  Destination:            QB[2]
                            (output port)
  Path Group:             (none)
  Path Type:              Max at Slow Process Corner
  Data Path Delay:        5.523ns  (logic 3.066ns (55.515%)  route 2.457ns (44.485%))
  Logic Levels:           2  (FDCE=1 OBUF=1)

    Location             Delay type                Incr(ns)  Path(ns)    Netlist Resource(s)
  -------------------------------------------------------------------    -------------------
    SLICE_X113Y66        FDCE                         0.000     0.000 r  u2/internalBit_reg[2]/C
    SLICE_X113Y66        FDCE (Prop_fdce_C_Q)         0.456     0.456 r  u2/internalBit_reg[2]/Q
                         net (fo=1, routed)           2.457     2.913    QB_OBUF[2]
    J18                  OBUF (Prop_obuf_I_O)         2.610     5.523 r  QB_OBUF[2]_inst/O
                         net (fo=0)                   0.000     5.523    QB[2]
    J18                                                               r  QB[2] (OUT)
  -------------------------------------------------------------------    -------------------

Slack:                    inf
  Source:                 u3/internalBit_reg[0]/C
                            (rising edge-triggered cell FDCE)
  Destination:            QC[0]
                            (output port)
  Path Group:             (none)
  Path Type:              Max at Slow Process Corner
  Data Path Delay:        5.461ns  (logic 3.176ns (58.160%)  route 2.285ns (41.840%))
  Logic Levels:           2  (FDCE=1 OBUF=1)

    Location             Delay type                Incr(ns)  Path(ns)    Netlist Resource(s)
  -------------------------------------------------------------------    -------------------
    SLICE_X112Y72        FDCE                         0.000     0.000 r  u3/internalBit_reg[0]/C
    SLICE_X112Y72        FDCE (Prop_fdce_C_Q)         0.518     0.518 r  u3/internalBit_reg[0]/Q
                         net (fo=1, routed)           2.285     2.803    QC_OBUF[0]
    L17                  OBUF (Prop_obuf_I_O)         2.658     5.461 r  QC_OBUF[0]_inst/O
                         net (fo=0)                   0.000     5.461    QC[0]
    L17                                                               r  QC[0] (OUT)
  -------------------------------------------------------------------    -------------------





Min Delay Paths
--------------------------------------------------------------------------------------
Slack:                    inf
  Source:                 DC[7]
                            (input port)
  Destination:            u3/internalBit_reg[7]/D
  Path Group:             (none)
  Path Type:              Min at Fast Process Corner
  Data Path Delay:        0.503ns  (logic 0.156ns (30.987%)  route 0.347ns (69.013%))
  Logic Levels:           1  (IBUF=1)

    Location             Delay type                Incr(ns)  Path(ns)    Netlist Resource(s)
  -------------------------------------------------------------------    -------------------
    M20                                               0.000     0.000 r  DC[7] (IN)
                         net (fo=0)                   0.000     0.000    DC[7]
    M20                  IBUF (Prop_ibuf_I_O)         0.156     0.156 r  DC_IBUF[7]_inst/O
                         net (fo=1, routed)           0.347     0.503    u3/D[7]
    SLICE_X113Y73        FDCE                                         r  u3/internalBit_reg[7]/D
  -------------------------------------------------------------------    -------------------

Slack:                    inf
  Source:                 DC[6]
                            (input port)
  Destination:            u3/internalBit_reg[6]/D
  Path Group:             (none)
  Path Type:              Min at Fast Process Corner
  Data Path Delay:        0.522ns  (logic 0.180ns (34.578%)  route 0.341ns (65.422%))
  Logic Levels:           1  (IBUF=1)

    Location             Delay type                Incr(ns)  Path(ns)    Netlist Resource(s)
  -------------------------------------------------------------------    -------------------
    N19                                               0.000     0.000 r  DC[6] (IN)
                         net (fo=0)                   0.000     0.000    DC[6]
    N19                  IBUF (Prop_ibuf_I_O)         0.180     0.180 r  DC_IBUF[6]_inst/O
                         net (fo=1, routed)           0.341     0.522    u3/D[6]
    SLICE_X113Y72        FDCE                                         r  u3/internalBit_reg[6]/D
  -------------------------------------------------------------------    -------------------

Slack:                    inf
  Source:                 DC[2]
                            (input port)
  Destination:            u3/internalBit_reg[2]/D
  Path Group:             (none)
  Path Type:              Min at Fast Process Corner
  Data Path Delay:        0.552ns  (logic 0.179ns (32.483%)  route 0.372ns (67.517%))
  Logic Levels:           1  (IBUF=1)

    Location             Delay type                Incr(ns)  Path(ns)    Netlist Resource(s)
  -------------------------------------------------------------------    -------------------
    N22                                               0.000     0.000 r  DC[2] (IN)
                         net (fo=0)                   0.000     0.000    DC[2]
    N22                  IBUF (Prop_ibuf_I_O)         0.179     0.179 r  DC_IBUF[2]_inst/O
                         net (fo=1, routed)           0.372     0.552    u3/D[2]
    SLICE_X113Y72        FDCE                                         r  u3/internalBit_reg[2]/D
  -------------------------------------------------------------------    -------------------

Slack:                    inf
  Source:                 RST
                            (input port)
  Destination:            u3/internalBit_reg[7]/CLR
  Path Group:             (none)
  Path Type:              Min at Fast Process Corner
  Data Path Delay:        0.563ns  (logic 0.151ns (26.771%)  route 0.412ns (73.229%))
  Logic Levels:           1  (IBUF=1)

    Location             Delay type                Incr(ns)  Path(ns)    Netlist Resource(s)
  -------------------------------------------------------------------    -------------------
    M19                                               0.000     0.000 f  RST (IN)
                         net (fo=0)                   0.000     0.000    RST
    M19                  IBUF (Prop_ibuf_I_O)         0.151     0.151 f  RST_IBUF_inst/O
                         net (fo=32, routed)          0.412     0.563    u3/AR[0]
    SLICE_X113Y73        FDCE                                         f  u3/internalBit_reg[7]/CLR
  -------------------------------------------------------------------    -------------------

Slack:                    inf
  Source:                 DC[5]
                            (input port)
  Destination:            u3/internalBit_reg[5]/D
  Path Group:             (none)
  Path Type:              Min at Fast Process Corner
  Data Path Delay:        0.570ns  (logic 0.158ns (27.696%)  route 0.412ns (72.304%))
  Logic Levels:           1  (IBUF=1)

    Location             Delay type                Incr(ns)  Path(ns)    Netlist Resource(s)
  -------------------------------------------------------------------    -------------------
    N20                                               0.000     0.000 r  DC[5] (IN)
                         net (fo=0)                   0.000     0.000    DC[5]
    N20                  IBUF (Prop_ibuf_I_O)         0.158     0.158 r  DC_IBUF[5]_inst/O
                         net (fo=1, routed)           0.412     0.570    u3/D[5]
    SLICE_X113Y72        FDCE                                         r  u3/internalBit_reg[5]/D
  -------------------------------------------------------------------    -------------------

Slack:                    inf
  Source:                 DD[7]
                            (input port)
  Destination:            u4/internalBit_reg[7]/D
  Path Group:             (none)
  Path Type:              Min at Fast Process Corner
  Data Path Delay:        0.575ns  (logic 0.203ns (35.252%)  route 0.372ns (64.748%))
  Logic Levels:           1  (IBUF=1)

    Location             Delay type                Incr(ns)  Path(ns)    Netlist Resource(s)
  -------------------------------------------------------------------    -------------------
    Y15                                               0.000     0.000 r  DD[7] (IN)
                         net (fo=0)                   0.000     0.000    DD[7]
    Y15                  IBUF (Prop_ibuf_I_O)         0.203     0.203 r  DD_IBUF[7]_inst/O
                         net (fo=1, routed)           0.372     0.575    u4/D[7]
    SLICE_X113Y11        FDCE                                         r  u4/internalBit_reg[7]/D
  -------------------------------------------------------------------    -------------------

Slack:                    inf
  Source:                 DC[4]
                            (input port)
  Destination:            u3/internalBit_reg[4]/D
  Path Group:             (none)
  Path Type:              Min at Fast Process Corner
  Data Path Delay:        0.579ns  (logic 0.174ns (29.946%)  route 0.406ns (70.054%))
  Logic Levels:           1  (IBUF=1)

    Location             Delay type                Incr(ns)  Path(ns)    Netlist Resource(s)
  -------------------------------------------------------------------    -------------------
    M21                                               0.000     0.000 r  DC[4] (IN)
                         net (fo=0)                   0.000     0.000    DC[4]
    M21                  IBUF (Prop_ibuf_I_O)         0.174     0.174 r  DC_IBUF[4]_inst/O
                         net (fo=1, routed)           0.406     0.579    u3/D[4]
    SLICE_X113Y72        FDCE                                         r  u3/internalBit_reg[4]/D
  -------------------------------------------------------------------    -------------------

Slack:                    inf
  Source:                 DB[3]
                            (input port)
  Destination:            u2/internalBit_reg[3]/D
  Path Group:             (none)
  Path Type:              Min at Fast Process Corner
  Data Path Delay:        0.588ns  (logic 0.163ns (27.734%)  route 0.425ns (72.266%))
  Logic Levels:           1  (IBUF=1)

    Location             Delay type                Incr(ns)  Path(ns)    Netlist Resource(s)
  -------------------------------------------------------------------    -------------------
    P15                                               0.000     0.000 r  DB[3] (IN)
                         net (fo=0)                   0.000     0.000    DB[3]
    P15                  IBUF (Prop_ibuf_I_O)         0.163     0.163 r  DB_IBUF[3]_inst/O
                         net (fo=1, routed)           0.425     0.588    u2/D[3]
    SLICE_X113Y66        FDCE                                         r  u2/internalBit_reg[3]/D
  -------------------------------------------------------------------    -------------------

Slack:                    inf
  Source:                 DD[0]
                            (input port)
  Destination:            u4/internalBit_reg[0]/D
  Path Group:             (none)
  Path Type:              Min at Fast Process Corner
  Data Path Delay:        0.592ns  (logic 0.161ns (27.236%)  route 0.431ns (72.764%))
  Logic Levels:           1  (IBUF=1)

    Location             Delay type                Incr(ns)  Path(ns)    Netlist Resource(s)
  -------------------------------------------------------------------    -------------------
    U14                                               0.000     0.000 r  DD[0] (IN)
                         net (fo=0)                   0.000     0.000    DD[0]
    U14                  IBUF (Prop_ibuf_I_O)         0.161     0.161 r  DD_IBUF[0]_inst/O
                         net (fo=1, routed)           0.431     0.592    u4/D[0]
    SLICE_X113Y7         FDCE                                         r  u4/internalBit_reg[0]/D
  -------------------------------------------------------------------    -------------------

Slack:                    inf
  Source:                 DB[1]
                            (input port)
  Destination:            u2/internalBit_reg[1]/D
  Path Group:             (none)
  Path Type:              Min at Fast Process Corner
  Data Path Delay:        0.600ns  (logic 0.165ns (27.532%)  route 0.435ns (72.468%))
  Logic Levels:           1  (IBUF=1)

    Location             Delay type                Incr(ns)  Path(ns)    Netlist Resource(s)
  -------------------------------------------------------------------    -------------------
    P18                                               0.000     0.000 r  DB[1] (IN)
                         net (fo=0)                   0.000     0.000    DB[1]
    P18                  IBUF (Prop_ibuf_I_O)         0.165     0.165 r  DB_IBUF[1]_inst/O
                         net (fo=1, routed)           0.435     0.600    u2/D[1]
    SLICE_X113Y66        FDCE                                         r  u2/internalBit_reg[1]/D
  -------------------------------------------------------------------    -------------------





