Copyright 1986-2022 Xilinx, Inc. All Rights Reserved. Copyright 2022-2025 Advanced Micro Devices, Inc. All Rights Reserved.
------------------------------------------------------------------------------------------------------------------------------------------------------------------------------------------------------------------------
| Tool Version : Vivado v.2025.2 (win64) Build 6299465 Fri Nov 14 19:35:11 GMT 2025
| Date         : Mon Apr  6 19:47:40 2026
| Host         : VITKO running 64-bit major release  (build 9200)
| Command      : report_timing_summary -max_paths 10 -routable_nets -report_unconstrained -file FULL_timing_summary_routed.rpt -pb FULL_timing_summary_routed.pb -rpx FULL_timing_summary_routed.rpx -warn_on_violation
| Design       : FULL
| Device       : 7z020-clg484
| Speed File   : -1  PRODUCTION 1.12 2019-11-22
| Design State : Routed
------------------------------------------------------------------------------------------------------------------------------------------------------------------------------------------------------------------------

Timing Summary Report

------------------------------------------------------------------------------------------------
| Timer Settings
| --------------
------------------------------------------------------------------------------------------------

  Enable Multi Corner Analysis               :  Yes
  Enable Pessimism Removal                   :  Yes
  Pessimism Removal Resolution               :  Nearest Common Node
  Enable Input Delay Default Clock           :  No
  Enable Preset / Clear Arcs                 :  No
  Disable Flight Delays                      :  No
  Ignore I/O Paths                           :  No
  Timing Early Launch at Borrowing Latches   :  No
  Borrow Time for Max Delay Exceptions       :  Yes
  Merge Timing Exceptions                    :  Yes
  Inter-SLR Compensation                     :  Conservative

  Corner  Analyze    Analyze    
  Name    Max Paths  Min Paths  
  ------  ---------  ---------  
  Slow    Yes        Yes        
  Fast    Yes        Yes        


------------------------------------------------------------------------------------------------
| Report Methodology
| ------------------
------------------------------------------------------------------------------------------------

Rule       Severity          Description                  Violations  
---------  ----------------  ---------------------------  ----------  
TIMING-17  Critical Warning  Non-clocked sequential cell  54          

Note: This report is based on the most recent report_methodology run and may not be up-to-date. Run report_methodology on the current design for the latest report.



check_timing report

Table of Contents
-----------------
1. checking no_clock (54)
2. checking constant_clock (0)
3. checking pulse_width_clock (0)
4. checking unconstrained_internal_endpoints (116)
5. checking no_input_delay (9)
6. checking no_output_delay (1)
7. checking multiple_clock (0)
8. checking generated_clocks (0)
9. checking loops (0)
10. checking partial_input_delay (0)
11. checking partial_output_delay (0)
12. checking latch_loops (0)

1. checking no_clock (54)
-------------------------
 There are 30 register/latch pins with no clock driven by root clock pin: clk (HIGH)

 There are 24 register/latch pins with no clock driven by root clock pin: Sine_wave/Control/clkdiv_reg/Q (HIGH)


2. checking constant_clock (0)
------------------------------
 There are 0 register/latch pins with constant_clock.


3. checking pulse_width_clock (0)
---------------------------------
 There are 0 register/latch pins which need pulse_width check


4. checking unconstrained_internal_endpoints (116)
--------------------------------------------------
 There are 116 pins that are not constrained for maximum delay. (HIGH)

 There are 0 pins that are not constrained for maximum delay due to constant clock.


5. checking no_input_delay (9)
------------------------------
 There are 9 input ports with no input delay specified. (HIGH)

 There are 0 input ports with no input delay but user has a false path constraint.


6. checking no_output_delay (1)
-------------------------------
 There is 1 port with no output delay specified. (HIGH)

 There are 0 ports with no output delay but user has a false path constraint

 There are 0 ports with no output delay but with a timing clock defined on it or propagating through it


7. checking multiple_clock (0)
------------------------------
 There are 0 register/latch pins with multiple clocks.


8. checking generated_clocks (0)
--------------------------------
 There are 0 generated clocks that are not connected to a clock source.


9. checking loops (0)
---------------------
 There are 0 combinational loops in the design.


10. checking partial_input_delay (0)
------------------------------------
 There are 0 input ports with partial input delay specified.


11. checking partial_output_delay (0)
-------------------------------------
 There are 0 ports with partial output delay specified.


12. checking latch_loops (0)
----------------------------
 There are 0 combinational latch loops in the design through latch input



------------------------------------------------------------------------------------------------
| Design Timing Summary
| ---------------------
------------------------------------------------------------------------------------------------

    WNS(ns)      TNS(ns)  TNS Failing Endpoints  TNS Total Endpoints      WHS(ns)      THS(ns)  THS Failing Endpoints  THS Total Endpoints     WPWS(ns)     TPWS(ns)  TPWS Failing Endpoints  TPWS Total Endpoints  
    -------      -------  ---------------------  -------------------      -------      -------  ---------------------  -------------------     --------     --------  ----------------------  --------------------  
        inf        0.000                      0                  117          inf        0.000                      0                  117           NA           NA                      NA                    NA  


There are no user specified timing constraints.


------------------------------------------------------------------------------------------------
| Clock Summary
| -------------
------------------------------------------------------------------------------------------------


------------------------------------------------------------------------------------------------
| Intra Clock Table
| -----------------
------------------------------------------------------------------------------------------------

Clock             WNS(ns)      TNS(ns)  TNS Failing Endpoints  TNS Total Endpoints      WHS(ns)      THS(ns)  THS Failing Endpoints  THS Total Endpoints     WPWS(ns)     TPWS(ns)  TPWS Failing Endpoints  TPWS Total Endpoints  
-----             -------      -------  ---------------------  -------------------      -------      -------  ---------------------  -------------------     --------     --------  ----------------------  --------------------  


------------------------------------------------------------------------------------------------
| Inter Clock Table
| -----------------
------------------------------------------------------------------------------------------------

From Clock    To Clock          WNS(ns)      TNS(ns)  TNS Failing Endpoints  TNS Total Endpoints      WHS(ns)      THS(ns)  THS Failing Endpoints  THS Total Endpoints  
----------    --------          -------      -------  ---------------------  -------------------      -------      -------  ---------------------  -------------------  


------------------------------------------------------------------------------------------------
| Other Path Groups Table
| -----------------------
------------------------------------------------------------------------------------------------

Path Group    From Clock    To Clock          WNS(ns)      TNS(ns)  TNS Failing Endpoints  TNS Total Endpoints      WHS(ns)      THS(ns)  THS Failing Endpoints  THS Total Endpoints  
----------    ----------    --------          -------      -------  ---------------------  -------------------      -------      -------  ---------------------  -------------------  


------------------------------------------------------------------------------------------------
| User Ignored Path Table
| -----------------------
------------------------------------------------------------------------------------------------

Path Group    From Clock    To Clock    
----------    ----------    --------    


------------------------------------------------------------------------------------------------
| Unconstrained Path Table
| ------------------------
------------------------------------------------------------------------------------------------

Path Group    From Clock    To Clock    
----------    ----------    --------    
(none)                                    


------------------------------------------------------------------------------------------------
| Timing Details
| --------------
------------------------------------------------------------------------------------------------


--------------------------------------------------------------------------------------
Path Group:  (none)
From Clock:  
  To Clock:  

Max Delay           117 Endpoints
Min Delay           117 Endpoints
--------------------------------------------------------------------------------------


Max Delay Paths
--------------------------------------------------------------------------------------
Slack:                    inf
  Source:                 PWM/counter_reg[1]/C
                            (rising edge-triggered cell FDCE)
  Destination:            pwm_out
                            (output port)
  Path Group:             (none)
  Path Type:              Max at Slow Process Corner
  Data Path Delay:        13.207ns  (logic 4.851ns (36.730%)  route 8.356ns (63.270%))
  Logic Levels:           4  (CARRY4=1 FDCE=1 LUT4=1 OBUF=1)

    Location             Delay type                Incr(ns)  Path(ns)    Netlist Resource(s)
  -------------------------------------------------------------------    -------------------
    SLICE_X110Y100       FDCE                         0.000     0.000 r  PWM/counter_reg[1]/C
    SLICE_X110Y100       FDCE (Prop_fdce_C_Q)         0.419     0.419 r  PWM/counter_reg[1]/Q
                         net (fo=9, routed)           1.030     1.449    PWM/counter_reg[1]
    SLICE_X110Y99        LUT4 (Prop_lut4_I3_O)        0.299     1.748 r  PWM/pwm_out0_carry_i_8/O
                         net (fo=1, routed)           0.000     1.748    PWM/pwm_out0_carry_i_8_n_0
    SLICE_X110Y99        CARRY4 (Prop_carry4_S[0]_CO[3])
                                                      0.532     2.280 r  PWM/pwm_out0_carry/CO[3]
                         net (fo=1, routed)           7.327     9.606    pwm_out_OBUF
    Y11                  OBUF (Prop_obuf_I_O)         3.601    13.207 r  pwm_out_OBUF_inst/O
                         net (fo=0)                   0.000    13.207    pwm_out
    Y11                                                               r  pwm_out (OUT)
  -------------------------------------------------------------------    -------------------

Slack:                    inf
  Source:                 Sine_wave/Control/counter_divider_latch_reg[1]/C
                            (rising edge-triggered cell FDPE)
  Destination:            Sine_wave/Control/counter_control_reg[0]/CE
  Path Group:             (none)
  Path Type:              Max at Slow Process Corner
  Data Path Delay:        5.091ns  (logic 1.270ns (24.946%)  route 3.821ns (75.054%))
  Logic Levels:           5  (CARRY4=1 FDPE=1 LUT2=1 LUT4=1 LUT5=1)

    Location             Delay type                Incr(ns)  Path(ns)    Netlist Resource(s)
  -------------------------------------------------------------------    -------------------
    SLICE_X112Y101       FDPE                         0.000     0.000 r  Sine_wave/Control/counter_divider_latch_reg[1]/C
    SLICE_X112Y101       FDPE (Prop_fdpe_C_Q)         0.518     0.518 r  Sine_wave/Control/counter_divider_latch_reg[1]/Q
                         net (fo=6, routed)           0.832     1.350    Sine_wave/Control/counter_divider_latch_reg_n_0_[1]
    SLICE_X112Y101       LUT4 (Prop_lut4_I2_O)        0.124     1.474 r  Sine_wave/Control/clkdiv0_carry_i_10/O
                         net (fo=2, routed)           1.255     2.730    Sine_wave/Control/clkdiv0_carry_i_10_n_0
    SLICE_X112Y100       LUT5 (Prop_lut5_I3_O)        0.124     2.854 r  Sine_wave/Control/clkdiv0_carry_i_6/O
                         net (fo=1, routed)           0.000     2.854    Sine_wave/Control/clkdiv0_carry_i_6_n_0
    SLICE_X112Y100       CARRY4 (Prop_carry4_S[2]_CO[3])
                                                      0.380     3.234 r  Sine_wave/Control/clkdiv0_carry/CO[3]
                         net (fo=10, routed)          0.900     4.134    Sine_wave/Control/clkdiv0_carry_n_0
    SLICE_X111Y101       LUT2 (Prop_lut2_I0_O)        0.124     4.258 r  Sine_wave/Control/counter_divider[7]_i_1/O
                         net (fo=13, routed)          0.833     5.091    Sine_wave/Control/counter_divider[7]_i_1_n_0
    SLICE_X112Y98        FDRE                                         r  Sine_wave/Control/counter_control_reg[0]/CE
  -------------------------------------------------------------------    -------------------

Slack:                    inf
  Source:                 Sine_wave/Control/counter_divider_latch_reg[1]/C
                            (rising edge-triggered cell FDPE)
  Destination:            Sine_wave/Control/counter_control_reg[1]/CE
  Path Group:             (none)
  Path Type:              Max at Slow Process Corner
  Data Path Delay:        5.091ns  (logic 1.270ns (24.946%)  route 3.821ns (75.054%))
  Logic Levels:           5  (CARRY4=1 FDPE=1 LUT2=1 LUT4=1 LUT5=1)

    Location             Delay type                Incr(ns)  Path(ns)    Netlist Resource(s)
  -------------------------------------------------------------------    -------------------
    SLICE_X112Y101       FDPE                         0.000     0.000 r  Sine_wave/Control/counter_divider_latch_reg[1]/C
    SLICE_X112Y101       FDPE (Prop_fdpe_C_Q)         0.518     0.518 r  Sine_wave/Control/counter_divider_latch_reg[1]/Q
                         net (fo=6, routed)           0.832     1.350    Sine_wave/Control/counter_divider_latch_reg_n_0_[1]
    SLICE_X112Y101       LUT4 (Prop_lut4_I2_O)        0.124     1.474 r  Sine_wave/Control/clkdiv0_carry_i_10/O
                         net (fo=2, routed)           1.255     2.730    Sine_wave/Control/clkdiv0_carry_i_10_n_0
    SLICE_X112Y100       LUT5 (Prop_lut5_I3_O)        0.124     2.854 r  Sine_wave/Control/clkdiv0_carry_i_6/O
                         net (fo=1, routed)           0.000     2.854    Sine_wave/Control/clkdiv0_carry_i_6_n_0
    SLICE_X112Y100       CARRY4 (Prop_carry4_S[2]_CO[3])
                                                      0.380     3.234 r  Sine_wave/Control/clkdiv0_carry/CO[3]
                         net (fo=10, routed)          0.900     4.134    Sine_wave/Control/clkdiv0_carry_n_0
    SLICE_X111Y101       LUT2 (Prop_lut2_I0_O)        0.124     4.258 r  Sine_wave/Control/counter_divider[7]_i_1/O
                         net (fo=13, routed)          0.833     5.091    Sine_wave/Control/counter_divider[7]_i_1_n_0
    SLICE_X112Y98        FDRE                                         r  Sine_wave/Control/counter_control_reg[1]/CE
  -------------------------------------------------------------------    -------------------

Slack:                    inf
  Source:                 Sine_wave/Control/counter_divider_latch_reg[1]/C
                            (rising edge-triggered cell FDPE)
  Destination:            Sine_wave/Control/counter_control_reg[2]/CE
  Path Group:             (none)
  Path Type:              Max at Slow Process Corner
  Data Path Delay:        5.091ns  (logic 1.270ns (24.946%)  route 3.821ns (75.054%))
  Logic Levels:           5  (CARRY4=1 FDPE=1 LUT2=1 LUT4=1 LUT5=1)

    Location             Delay type                Incr(ns)  Path(ns)    Netlist Resource(s)
  -------------------------------------------------------------------    -------------------
    SLICE_X112Y101       FDPE                         0.000     0.000 r  Sine_wave/Control/counter_divider_latch_reg[1]/C
    SLICE_X112Y101       FDPE (Prop_fdpe_C_Q)         0.518     0.518 r  Sine_wave/Control/counter_divider_latch_reg[1]/Q
                         net (fo=6, routed)           0.832     1.350    Sine_wave/Control/counter_divider_latch_reg_n_0_[1]
    SLICE_X112Y101       LUT4 (Prop_lut4_I2_O)        0.124     1.474 r  Sine_wave/Control/clkdiv0_carry_i_10/O
                         net (fo=2, routed)           1.255     2.730    Sine_wave/Control/clkdiv0_carry_i_10_n_0
    SLICE_X112Y100       LUT5 (Prop_lut5_I3_O)        0.124     2.854 r  Sine_wave/Control/clkdiv0_carry_i_6/O
                         net (fo=1, routed)           0.000     2.854    Sine_wave/Control/clkdiv0_carry_i_6_n_0
    SLICE_X112Y100       CARRY4 (Prop_carry4_S[2]_CO[3])
                                                      0.380     3.234 r  Sine_wave/Control/clkdiv0_carry/CO[3]
                         net (fo=10, routed)          0.900     4.134    Sine_wave/Control/clkdiv0_carry_n_0
    SLICE_X111Y101       LUT2 (Prop_lut2_I0_O)        0.124     4.258 r  Sine_wave/Control/counter_divider[7]_i_1/O
                         net (fo=13, routed)          0.833     5.091    Sine_wave/Control/counter_divider[7]_i_1_n_0
    SLICE_X112Y98        FDRE                                         r  Sine_wave/Control/counter_control_reg[2]/CE
  -------------------------------------------------------------------    -------------------

Slack:                    inf
  Source:                 Sine_wave/Control/counter_divider_latch_reg[1]/C
                            (rising edge-triggered cell FDPE)
  Destination:            Sine_wave/Control/counter_control_reg[4]/CE
  Path Group:             (none)
  Path Type:              Max at Slow Process Corner
  Data Path Delay:        5.091ns  (logic 1.270ns (24.946%)  route 3.821ns (75.054%))
  Logic Levels:           5  (CARRY4=1 FDPE=1 LUT2=1 LUT4=1 LUT5=1)

    Location             Delay type                Incr(ns)  Path(ns)    Netlist Resource(s)
  -------------------------------------------------------------------    -------------------
    SLICE_X112Y101       FDPE                         0.000     0.000 r  Sine_wave/Control/counter_divider_latch_reg[1]/C
    SLICE_X112Y101       FDPE (Prop_fdpe_C_Q)         0.518     0.518 r  Sine_wave/Control/counter_divider_latch_reg[1]/Q
                         net (fo=6, routed)           0.832     1.350    Sine_wave/Control/counter_divider_latch_reg_n_0_[1]
    SLICE_X112Y101       LUT4 (Prop_lut4_I2_O)        0.124     1.474 r  Sine_wave/Control/clkdiv0_carry_i_10/O
                         net (fo=2, routed)           1.255     2.730    Sine_wave/Control/clkdiv0_carry_i_10_n_0
    SLICE_X112Y100       LUT5 (Prop_lut5_I3_O)        0.124     2.854 r  Sine_wave/Control/clkdiv0_carry_i_6/O
                         net (fo=1, routed)           0.000     2.854    Sine_wave/Control/clkdiv0_carry_i_6_n_0
    SLICE_X112Y100       CARRY4 (Prop_carry4_S[2]_CO[3])
                                                      0.380     3.234 r  Sine_wave/Control/clkdiv0_carry/CO[3]
                         net (fo=10, routed)          0.900     4.134    Sine_wave/Control/clkdiv0_carry_n_0
    SLICE_X111Y101       LUT2 (Prop_lut2_I0_O)        0.124     4.258 r  Sine_wave/Control/counter_divider[7]_i_1/O
                         net (fo=13, routed)          0.833     5.091    Sine_wave/Control/counter_divider[7]_i_1_n_0
    SLICE_X112Y98        FDRE                                         r  Sine_wave/Control/counter_control_reg[4]/CE
  -------------------------------------------------------------------    -------------------

Slack:                    inf
  Source:                 Sine_wave/Control/counter_divider_latch_reg[1]/C
                            (rising edge-triggered cell FDPE)
  Destination:            Sine_wave/Control/counter_control_reg[3]/CE
  Path Group:             (none)
  Path Type:              Max at Slow Process Corner
  Data Path Delay:        5.051ns  (logic 1.270ns (25.142%)  route 3.781ns (74.858%))
  Logic Levels:           5  (CARRY4=1 FDPE=1 LUT2=1 LUT4=1 LUT5=1)

    Location             Delay type                Incr(ns)  Path(ns)    Netlist Resource(s)
  -------------------------------------------------------------------    -------------------
    SLICE_X112Y101       FDPE                         0.000     0.000 r  Sine_wave/Control/counter_divider_latch_reg[1]/C
    SLICE_X112Y101       FDPE (Prop_fdpe_C_Q)         0.518     0.518 r  Sine_wave/Control/counter_divider_latch_reg[1]/Q
                         net (fo=6, routed)           0.832     1.350    Sine_wave/Control/counter_divider_latch_reg_n_0_[1]
    SLICE_X112Y101       LUT4 (Prop_lut4_I2_O)        0.124     1.474 r  Sine_wave/Control/clkdiv0_carry_i_10/O
                         net (fo=2, routed)           1.255     2.730    Sine_wave/Control/clkdiv0_carry_i_10_n_0
    SLICE_X112Y100       LUT5 (Prop_lut5_I3_O)        0.124     2.854 r  Sine_wave/Control/clkdiv0_carry_i_6/O
                         net (fo=1, routed)           0.000     2.854    Sine_wave/Control/clkdiv0_carry_i_6_n_0
    SLICE_X112Y100       CARRY4 (Prop_carry4_S[2]_CO[3])
                                                      0.380     3.234 r  Sine_wave/Control/clkdiv0_carry/CO[3]
                         net (fo=10, routed)          0.900     4.134    Sine_wave/Control/clkdiv0_carry_n_0
    SLICE_X111Y101       LUT2 (Prop_lut2_I0_O)        0.124     4.258 r  Sine_wave/Control/counter_divider[7]_i_1/O
                         net (fo=13, routed)          0.794     5.051    Sine_wave/Control/counter_divider[7]_i_1_n_0
    SLICE_X111Y97        FDRE                                         r  Sine_wave/Control/counter_control_reg[3]/CE
  -------------------------------------------------------------------    -------------------

Slack:                    inf
  Source:                 Sine_wave/Control/counter_divider_latch_reg[1]/C
                            (rising edge-triggered cell FDPE)
  Destination:            Sine_wave/Control/counter_divider_reg[6]/R
  Path Group:             (none)
  Path Type:              Max at Slow Process Corner
  Data Path Delay:        4.934ns  (logic 1.270ns (25.738%)  route 3.664ns (74.262%))
  Logic Levels:           5  (CARRY4=1 FDPE=1 LUT2=1 LUT4=1 LUT5=1)

    Location             Delay type                Incr(ns)  Path(ns)    Netlist Resource(s)
  -------------------------------------------------------------------    -------------------
    SLICE_X112Y101       FDPE                         0.000     0.000 r  Sine_wave/Control/counter_divider_latch_reg[1]/C
    SLICE_X112Y101       FDPE (Prop_fdpe_C_Q)         0.518     0.518 r  Sine_wave/Control/counter_divider_latch_reg[1]/Q
                         net (fo=6, routed)           0.832     1.350    Sine_wave/Control/counter_divider_latch_reg_n_0_[1]
    SLICE_X112Y101       LUT4 (Prop_lut4_I2_O)        0.124     1.474 r  Sine_wave/Control/clkdiv0_carry_i_10/O
                         net (fo=2, routed)           1.255     2.730    Sine_wave/Control/clkdiv0_carry_i_10_n_0
    SLICE_X112Y100       LUT5 (Prop_lut5_I3_O)        0.124     2.854 r  Sine_wave/Control/clkdiv0_carry_i_6/O
                         net (fo=1, routed)           0.000     2.854    Sine_wave/Control/clkdiv0_carry_i_6_n_0
    SLICE_X112Y100       CARRY4 (Prop_carry4_S[2]_CO[3])
                                                      0.380     3.234 r  Sine_wave/Control/clkdiv0_carry/CO[3]
                         net (fo=10, routed)          0.900     4.134    Sine_wave/Control/clkdiv0_carry_n_0
    SLICE_X111Y101       LUT2 (Prop_lut2_I0_O)        0.124     4.258 r  Sine_wave/Control/counter_divider[7]_i_1/O
                         net (fo=13, routed)          0.677     4.934    Sine_wave/Control/counter_divider[7]_i_1_n_0
    SLICE_X112Y102       FDRE                                         r  Sine_wave/Control/counter_divider_reg[6]/R
  -------------------------------------------------------------------    -------------------

Slack:                    inf
  Source:                 Sine_wave/Control/counter_divider_latch_reg[1]/C
                            (rising edge-triggered cell FDPE)
  Destination:            Sine_wave/Control/counter_divider_reg[7]/R
  Path Group:             (none)
  Path Type:              Max at Slow Process Corner
  Data Path Delay:        4.934ns  (logic 1.270ns (25.738%)  route 3.664ns (74.262%))
  Logic Levels:           5  (CARRY4=1 FDPE=1 LUT2=1 LUT4=1 LUT5=1)

    Location             Delay type                Incr(ns)  Path(ns)    Netlist Resource(s)
  -------------------------------------------------------------------    -------------------
    SLICE_X112Y101       FDPE                         0.000     0.000 r  Sine_wave/Control/counter_divider_latch_reg[1]/C
    SLICE_X112Y101       FDPE (Prop_fdpe_C_Q)         0.518     0.518 r  Sine_wave/Control/counter_divider_latch_reg[1]/Q
                         net (fo=6, routed)           0.832     1.350    Sine_wave/Control/counter_divider_latch_reg_n_0_[1]
    SLICE_X112Y101       LUT4 (Prop_lut4_I2_O)        0.124     1.474 r  Sine_wave/Control/clkdiv0_carry_i_10/O
                         net (fo=2, routed)           1.255     2.730    Sine_wave/Control/clkdiv0_carry_i_10_n_0
    SLICE_X112Y100       LUT5 (Prop_lut5_I3_O)        0.124     2.854 r  Sine_wave/Control/clkdiv0_carry_i_6/O
                         net (fo=1, routed)           0.000     2.854    Sine_wave/Control/clkdiv0_carry_i_6_n_0
    SLICE_X112Y100       CARRY4 (Prop_carry4_S[2]_CO[3])
                                                      0.380     3.234 r  Sine_wave/Control/clkdiv0_carry/CO[3]
                         net (fo=10, routed)          0.900     4.134    Sine_wave/Control/clkdiv0_carry_n_0
    SLICE_X111Y101       LUT2 (Prop_lut2_I0_O)        0.124     4.258 r  Sine_wave/Control/counter_divider[7]_i_1/O
                         net (fo=13, routed)          0.677     4.934    Sine_wave/Control/counter_divider[7]_i_1_n_0
    SLICE_X112Y102       FDRE                                         r  Sine_wave/Control/counter_divider_reg[7]/R
  -------------------------------------------------------------------    -------------------

Slack:                    inf
  Source:                 Sine_wave/Control/counter_divider_latch_reg[1]/C
                            (rising edge-triggered cell FDPE)
  Destination:            Sine_wave/Control/counter_divider_reg[1]/R
  Path Group:             (none)
  Path Type:              Max at Slow Process Corner
  Data Path Delay:        4.856ns  (logic 1.270ns (26.153%)  route 3.586ns (73.847%))
  Logic Levels:           5  (CARRY4=1 FDPE=1 LUT2=1 LUT4=1 LUT5=1)

    Location             Delay type                Incr(ns)  Path(ns)    Netlist Resource(s)
  -------------------------------------------------------------------    -------------------
    SLICE_X112Y101       FDPE                         0.000     0.000 r  Sine_wave/Control/counter_divider_latch_reg[1]/C
    SLICE_X112Y101       FDPE (Prop_fdpe_C_Q)         0.518     0.518 r  Sine_wave/Control/counter_divider_latch_reg[1]/Q
                         net (fo=6, routed)           0.832     1.350    Sine_wave/Control/counter_divider_latch_reg_n_0_[1]
    SLICE_X112Y101       LUT4 (Prop_lut4_I2_O)        0.124     1.474 r  Sine_wave/Control/clkdiv0_carry_i_10/O
                         net (fo=2, routed)           1.255     2.730    Sine_wave/Control/clkdiv0_carry_i_10_n_0
    SLICE_X112Y100       LUT5 (Prop_lut5_I3_O)        0.124     2.854 r  Sine_wave/Control/clkdiv0_carry_i_6/O
                         net (fo=1, routed)           0.000     2.854    Sine_wave/Control/clkdiv0_carry_i_6_n_0
    SLICE_X112Y100       CARRY4 (Prop_carry4_S[2]_CO[3])
                                                      0.380     3.234 r  Sine_wave/Control/clkdiv0_carry/CO[3]
                         net (fo=10, routed)          0.900     4.134    Sine_wave/Control/clkdiv0_carry_n_0
    SLICE_X111Y101       LUT2 (Prop_lut2_I0_O)        0.124     4.258 r  Sine_wave/Control/counter_divider[7]_i_1/O
                         net (fo=13, routed)          0.598     4.856    Sine_wave/Control/counter_divider[7]_i_1_n_0
    SLICE_X111Y100       FDRE                                         r  Sine_wave/Control/counter_divider_reg[1]/R
  -------------------------------------------------------------------    -------------------

Slack:                    inf
  Source:                 Sine_wave/Control/counter_divider_latch_reg[1]/C
                            (rising edge-triggered cell FDPE)
  Destination:            Sine_wave/Control/counter_divider_reg[2]/R
  Path Group:             (none)
  Path Type:              Max at Slow Process Corner
  Data Path Delay:        4.856ns  (logic 1.270ns (26.153%)  route 3.586ns (73.847%))
  Logic Levels:           5  (CARRY4=1 FDPE=1 LUT2=1 LUT4=1 LUT5=1)

    Location             Delay type                Incr(ns)  Path(ns)    Netlist Resource(s)
  -------------------------------------------------------------------    -------------------
    SLICE_X112Y101       FDPE                         0.000     0.000 r  Sine_wave/Control/counter_divider_latch_reg[1]/C
    SLICE_X112Y101       FDPE (Prop_fdpe_C_Q)         0.518     0.518 r  Sine_wave/Control/counter_divider_latch_reg[1]/Q
                         net (fo=6, routed)           0.832     1.350    Sine_wave/Control/counter_divider_latch_reg_n_0_[1]
    SLICE_X112Y101       LUT4 (Prop_lut4_I2_O)        0.124     1.474 r  Sine_wave/Control/clkdiv0_carry_i_10/O
                         net (fo=2, routed)           1.255     2.730    Sine_wave/Control/clkdiv0_carry_i_10_n_0
    SLICE_X112Y100       LUT5 (Prop_lut5_I3_O)        0.124     2.854 r  Sine_wave/Control/clkdiv0_carry_i_6/O
                         net (fo=1, routed)           0.000     2.854    Sine_wave/Control/clkdiv0_carry_i_6_n_0
    SLICE_X112Y100       CARRY4 (Prop_carry4_S[2]_CO[3])
                                                      0.380     3.234 r  Sine_wave/Control/clkdiv0_carry/CO[3]
                         net (fo=10, routed)          0.900     4.134    Sine_wave/Control/clkdiv0_carry_n_0
    SLICE_X111Y101       LUT2 (Prop_lut2_I0_O)        0.124     4.258 r  Sine_wave/Control/counter_divider[7]_i_1/O
                         net (fo=13, routed)          0.598     4.856    Sine_wave/Control/counter_divider[7]_i_1_n_0
    SLICE_X111Y100       FDRE                                         r  Sine_wave/Control/counter_divider_reg[2]/R
  -------------------------------------------------------------------    -------------------





Min Delay Paths
--------------------------------------------------------------------------------------
Slack:                    inf
  Source:                 Sine_wave/ROM/data_out_reg[4]/C
                            (rising edge-triggered cell FDRE)
  Destination:            PWM/duty_latched_reg[4]/D
  Path Group:             (none)
  Path Type:              Min at Fast Process Corner
  Data Path Delay:        0.190ns  (logic 0.128ns (67.295%)  route 0.062ns (32.705%))
  Logic Levels:           1  (FDRE=1)

    Location             Delay type                Incr(ns)  Path(ns)    Netlist Resource(s)
  -------------------------------------------------------------------    -------------------
    SLICE_X111Y98        FDRE                         0.000     0.000 r  Sine_wave/ROM/data_out_reg[4]/C
    SLICE_X111Y98        FDRE (Prop_fdre_C_Q)         0.128     0.128 r  Sine_wave/ROM/data_out_reg[4]/Q
                         net (fo=1, routed)           0.062     0.190    PWM/Q[4]
    SLICE_X110Y98        FDCE                                         r  PWM/duty_latched_reg[4]/D
  -------------------------------------------------------------------    -------------------

Slack:                    inf
  Source:                 Sine_wave/ROM/data_out_reg[7]/C
                            (rising edge-triggered cell FDRE)
  Destination:            PWM/duty_latched_reg[7]/D
  Path Group:             (none)
  Path Type:              Min at Fast Process Corner
  Data Path Delay:        0.254ns  (logic 0.141ns (55.524%)  route 0.113ns (44.476%))
  Logic Levels:           1  (FDRE=1)

    Location             Delay type                Incr(ns)  Path(ns)    Netlist Resource(s)
  -------------------------------------------------------------------    -------------------
    SLICE_X111Y99        FDRE                         0.000     0.000 r  Sine_wave/ROM/data_out_reg[7]/C
    SLICE_X111Y99        FDRE (Prop_fdre_C_Q)         0.141     0.141 r  Sine_wave/ROM/data_out_reg[7]/Q
                         net (fo=1, routed)           0.113     0.254    PWM/Q[7]
    SLICE_X110Y99        FDCE                                         r  PWM/duty_latched_reg[7]/D
  -------------------------------------------------------------------    -------------------

Slack:                    inf
  Source:                 Sine_wave/ROM/data_out_reg[0]/C
                            (rising edge-triggered cell FDRE)
  Destination:            PWM/duty_latched_reg[0]/D
  Path Group:             (none)
  Path Type:              Min at Fast Process Corner
  Data Path Delay:        0.259ns  (logic 0.141ns (54.469%)  route 0.118ns (45.531%))
  Logic Levels:           1  (FDRE=1)

    Location             Delay type                Incr(ns)  Path(ns)    Netlist Resource(s)
  -------------------------------------------------------------------    -------------------
    SLICE_X111Y98        FDRE                         0.000     0.000 r  Sine_wave/ROM/data_out_reg[0]/C
    SLICE_X111Y98        FDRE (Prop_fdre_C_Q)         0.141     0.141 r  Sine_wave/ROM/data_out_reg[0]/Q
                         net (fo=1, routed)           0.118     0.259    PWM/Q[0]
    SLICE_X110Y98        FDCE                                         r  PWM/duty_latched_reg[0]/D
  -------------------------------------------------------------------    -------------------

Slack:                    inf
  Source:                 dip_sw/switches_in_reg[2]/C
                            (rising edge-triggered cell FDRE)
  Destination:            Sine_wave/Control/counter_divider_latch_reg[2]/D
  Path Group:             (none)
  Path Type:              Min at Fast Process Corner
  Data Path Delay:        0.278ns  (logic 0.164ns (58.905%)  route 0.114ns (41.095%))
  Logic Levels:           1  (FDRE=1)

    Location             Delay type                Incr(ns)  Path(ns)    Netlist Resource(s)
  -------------------------------------------------------------------    -------------------
    SLICE_X112Y103       FDRE                         0.000     0.000 r  dip_sw/switches_in_reg[2]/C
    SLICE_X112Y103       FDRE (Prop_fdre_C_Q)         0.164     0.164 r  dip_sw/switches_in_reg[2]/Q
                         net (fo=1, routed)           0.114     0.278    Sine_wave/Control/Q[2]
    SLICE_X112Y101       FDCE                                         r  Sine_wave/Control/counter_divider_latch_reg[2]/D
  -------------------------------------------------------------------    -------------------

Slack:                    inf
  Source:                 Sine_wave/ROM/data_out_reg[1]/C
                            (rising edge-triggered cell FDRE)
  Destination:            PWM/duty_latched_reg[1]/D
  Path Group:             (none)
  Path Type:              Min at Fast Process Corner
  Data Path Delay:        0.291ns  (logic 0.141ns (48.454%)  route 0.150ns (51.546%))
  Logic Levels:           1  (FDRE=1)

    Location             Delay type                Incr(ns)  Path(ns)    Netlist Resource(s)
  -------------------------------------------------------------------    -------------------
    SLICE_X111Y98        FDRE                         0.000     0.000 r  Sine_wave/ROM/data_out_reg[1]/C
    SLICE_X111Y98        FDRE (Prop_fdre_C_Q)         0.141     0.141 r  Sine_wave/ROM/data_out_reg[1]/Q
                         net (fo=1, routed)           0.150     0.291    PWM/Q[1]
    SLICE_X110Y99        FDCE                                         r  PWM/duty_latched_reg[1]/D
  -------------------------------------------------------------------    -------------------

Slack:                    inf
  Source:                 Sine_wave/ROM/data_out_reg[5]/C
                            (rising edge-triggered cell FDRE)
  Destination:            PWM/duty_latched_reg[5]/D
  Path Group:             (none)
  Path Type:              Min at Fast Process Corner
  Data Path Delay:        0.315ns  (logic 0.141ns (44.772%)  route 0.174ns (55.228%))
  Logic Levels:           1  (FDRE=1)

    Location             Delay type                Incr(ns)  Path(ns)    Netlist Resource(s)
  -------------------------------------------------------------------    -------------------
    SLICE_X111Y98        FDRE                         0.000     0.000 r  Sine_wave/ROM/data_out_reg[5]/C
    SLICE_X111Y98        FDRE (Prop_fdre_C_Q)         0.141     0.141 r  Sine_wave/ROM/data_out_reg[5]/Q
                         net (fo=1, routed)           0.174     0.315    PWM/Q[5]
    SLICE_X110Y99        FDCE                                         r  PWM/duty_latched_reg[5]/D
  -------------------------------------------------------------------    -------------------

Slack:                    inf
  Source:                 Sine_wave/ROM/data_out_reg[3]/C
                            (rising edge-triggered cell FDRE)
  Destination:            PWM/duty_latched_reg[3]/D
  Path Group:             (none)
  Path Type:              Min at Fast Process Corner
  Data Path Delay:        0.317ns  (logic 0.141ns (44.418%)  route 0.176ns (55.582%))
  Logic Levels:           1  (FDRE=1)

    Location             Delay type                Incr(ns)  Path(ns)    Netlist Resource(s)
  -------------------------------------------------------------------    -------------------
    SLICE_X111Y98        FDRE                         0.000     0.000 r  Sine_wave/ROM/data_out_reg[3]/C
    SLICE_X111Y98        FDRE (Prop_fdre_C_Q)         0.141     0.141 r  Sine_wave/ROM/data_out_reg[3]/Q
                         net (fo=1, routed)           0.176     0.317    PWM/Q[3]
    SLICE_X110Y98        FDCE                                         r  PWM/duty_latched_reg[3]/D
  -------------------------------------------------------------------    -------------------

Slack:                    inf
  Source:                 PWM/counter_reg[1]/C
                            (rising edge-triggered cell FDCE)
  Destination:            PWM/counter_reg[5]/D
  Path Group:             (none)
  Path Type:              Min at Fast Process Corner
  Data Path Delay:        0.318ns  (logic 0.227ns (71.437%)  route 0.091ns (28.563%))
  Logic Levels:           2  (FDCE=1 LUT6=1)

    Location             Delay type                Incr(ns)  Path(ns)    Netlist Resource(s)
  -------------------------------------------------------------------    -------------------
    SLICE_X110Y100       FDCE                         0.000     0.000 r  PWM/counter_reg[1]/C
    SLICE_X110Y100       FDCE (Prop_fdce_C_Q)         0.128     0.128 r  PWM/counter_reg[1]/Q
                         net (fo=9, routed)           0.091     0.219    PWM/counter_reg[1]
    SLICE_X110Y100       LUT6 (Prop_lut6_I1_O)        0.099     0.318 r  PWM/counter[5]_i_1/O
                         net (fo=1, routed)           0.000     0.318    PWM/plusOp[5]
    SLICE_X110Y100       FDCE                                         r  PWM/counter_reg[5]/D
  -------------------------------------------------------------------    -------------------

Slack:                    inf
  Source:                 Sine_wave/ROM/data_out_reg[6]/C
                            (rising edge-triggered cell FDRE)
  Destination:            PWM/duty_latched_reg[6]/D
  Path Group:             (none)
  Path Type:              Min at Fast Process Corner
  Data Path Delay:        0.333ns  (logic 0.128ns (38.395%)  route 0.205ns (61.605%))
  Logic Levels:           1  (FDRE=1)

    Location             Delay type                Incr(ns)  Path(ns)    Netlist Resource(s)
  -------------------------------------------------------------------    -------------------
    SLICE_X111Y98        FDRE                         0.000     0.000 r  Sine_wave/ROM/data_out_reg[6]/C
    SLICE_X111Y98        FDRE (Prop_fdre_C_Q)         0.128     0.128 r  Sine_wave/ROM/data_out_reg[6]/Q
                         net (fo=1, routed)           0.205     0.333    PWM/Q[6]
    SLICE_X110Y99        FDCE                                         r  PWM/duty_latched_reg[6]/D
  -------------------------------------------------------------------    -------------------

Slack:                    inf
  Source:                 dip_sw/switches_in_reg[3]/C
                            (rising edge-triggered cell FDRE)
  Destination:            Sine_wave/Control/counter_divider_latch_reg[3]/D
  Path Group:             (none)
  Path Type:              Min at Fast Process Corner
  Data Path Delay:        0.336ns  (logic 0.164ns (48.850%)  route 0.172ns (51.150%))
  Logic Levels:           1  (FDRE=1)

    Location             Delay type                Incr(ns)  Path(ns)    Netlist Resource(s)
  -------------------------------------------------------------------    -------------------
    SLICE_X112Y103       FDRE                         0.000     0.000 r  dip_sw/switches_in_reg[3]/C
    SLICE_X112Y103       FDRE (Prop_fdre_C_Q)         0.164     0.164 r  dip_sw/switches_in_reg[3]/Q
                         net (fo=1, routed)           0.172     0.336    Sine_wave/Control/Q[3]
    SLICE_X112Y101       FDCE                                         r  Sine_wave/Control/counter_divider_latch_reg[3]/D
  -------------------------------------------------------------------    -------------------





