Copyright 1986-2022 Xilinx, Inc. All Rights Reserved. Copyright 2022-2025 Advanced Micro Devices, Inc. All Rights Reserved.
---------------------------------------------------------------------------------------------------------------------------------------------------------------------------------------------------------------------------------------------
| Tool Version : Vivado v.2025.2 (win64) Build 6299465 Fri Nov 14 19:35:11 GMT 2025
| Date         : Sun Mar 15 14:41:56 2026
| Host         : DESKTOP-QU8QVCL running 64-bit major release  (build 9200)
| Command      : report_timing_summary -max_paths 10 -routable_nets -report_unconstrained -file D_flip_flop_timing_summary_routed.rpt -pb D_flip_flop_timing_summary_routed.pb -rpx D_flip_flop_timing_summary_routed.rpx -warn_on_violation
| Design       : D_flip_flop
| Device       : 7z020-clg484
| Speed File   : -1  PRODUCTION 1.12 2019-11-22
| Design State : Routed
---------------------------------------------------------------------------------------------------------------------------------------------------------------------------------------------------------------------------------------------

Timing Summary Report

------------------------------------------------------------------------------------------------
| Timer Settings
| --------------
------------------------------------------------------------------------------------------------

  Enable Multi Corner Analysis               :  Yes
  Enable Pessimism Removal                   :  Yes
  Pessimism Removal Resolution               :  Nearest Common Node
  Enable Input Delay Default Clock           :  No
  Enable Preset / Clear Arcs                 :  No
  Disable Flight Delays                      :  No
  Ignore I/O Paths                           :  No
  Timing Early Launch at Borrowing Latches   :  No
  Borrow Time for Max Delay Exceptions       :  Yes
  Merge Timing Exceptions                    :  Yes
  Inter-SLR Compensation                     :  Conservative

  Corner  Analyze    Analyze    
  Name    Max Paths  Min Paths  
  ------  ---------  ---------  
  Slow    Yes        Yes        
  Fast    Yes        Yes        


------------------------------------------------------------------------------------------------
| Report Methodology
| ------------------
------------------------------------------------------------------------------------------------

Rule       Severity          Description                     Violations  
---------  ----------------  ------------------------------  ----------  
TIMING-17  Critical Warning  Non-clocked sequential cell     2           
TIMING-20  Warning           Non-clocked latch               1           
LATCH-1    Advisory          Existing latches in the design  1           

Note: This report is based on the most recent report_methodology run and may not be up-to-date. Run report_methodology on the current design for the latest report.



check_timing report

Table of Contents
-----------------
1. checking no_clock (3)
2. checking constant_clock (0)
3. checking pulse_width_clock (0)
4. checking unconstrained_internal_endpoints (5)
5. checking no_input_delay (3)
6. checking no_output_delay (1)
7. checking multiple_clock (0)
8. checking generated_clocks (0)
9. checking loops (0)
10. checking partial_input_delay (0)
11. checking partial_output_delay (0)
12. checking latch_loops (0)

1. checking no_clock (3)
------------------------
 There is 1 register/latch pin with no clock driven by root clock pin: Preset (HIGH)

 There are 2 register/latch pins with no clock driven by root clock pin: clk (HIGH)


2. checking constant_clock (0)
------------------------------
 There are 0 register/latch pins with constant_clock.


3. checking pulse_width_clock (0)
---------------------------------
 There are 0 register/latch pins which need pulse_width check


4. checking unconstrained_internal_endpoints (5)
------------------------------------------------
 There are 5 pins that are not constrained for maximum delay. (HIGH)

 There are 0 pins that are not constrained for maximum delay due to constant clock.


5. checking no_input_delay (3)
------------------------------
 There are 3 input ports with no input delay specified. (HIGH)

 There are 0 input ports with no input delay but user has a false path constraint.


6. checking no_output_delay (1)
-------------------------------
 There is 1 port with no output delay specified. (HIGH)

 There are 0 ports with no output delay but user has a false path constraint

 There are 0 ports with no output delay but with a timing clock defined on it or propagating through it


7. checking multiple_clock (0)
------------------------------
 There are 0 register/latch pins with multiple clocks.


8. checking generated_clocks (0)
--------------------------------
 There are 0 generated clocks that are not connected to a clock source.


9. checking loops (0)
---------------------
 There are 0 combinational loops in the design.


10. checking partial_input_delay (0)
------------------------------------
 There are 0 input ports with partial input delay specified.


11. checking partial_output_delay (0)
-------------------------------------
 There are 0 ports with partial output delay specified.


12. checking latch_loops (0)
----------------------------
 There are 0 combinational latch loops in the design through latch input



------------------------------------------------------------------------------------------------
| Design Timing Summary
| ---------------------
------------------------------------------------------------------------------------------------

    WNS(ns)      TNS(ns)  TNS Failing Endpoints  TNS Total Endpoints      WHS(ns)      THS(ns)  THS Failing Endpoints  THS Total Endpoints     WPWS(ns)     TPWS(ns)  TPWS Failing Endpoints  TPWS Total Endpoints  
    -------      -------  ---------------------  -------------------      -------      -------  ---------------------  -------------------     --------     --------  ----------------------  --------------------  
        inf        0.000                      0                    6          inf        0.000                      0                    6           NA           NA                      NA                    NA  


There are no user specified timing constraints.


------------------------------------------------------------------------------------------------
| Clock Summary
| -------------
------------------------------------------------------------------------------------------------


------------------------------------------------------------------------------------------------
| Intra Clock Table
| -----------------
------------------------------------------------------------------------------------------------

Clock             WNS(ns)      TNS(ns)  TNS Failing Endpoints  TNS Total Endpoints      WHS(ns)      THS(ns)  THS Failing Endpoints  THS Total Endpoints     WPWS(ns)     TPWS(ns)  TPWS Failing Endpoints  TPWS Total Endpoints  
-----             -------      -------  ---------------------  -------------------      -------      -------  ---------------------  -------------------     --------     --------  ----------------------  --------------------  


------------------------------------------------------------------------------------------------
| Inter Clock Table
| -----------------
------------------------------------------------------------------------------------------------

From Clock    To Clock          WNS(ns)      TNS(ns)  TNS Failing Endpoints  TNS Total Endpoints      WHS(ns)      THS(ns)  THS Failing Endpoints  THS Total Endpoints  
----------    --------          -------      -------  ---------------------  -------------------      -------      -------  ---------------------  -------------------  


------------------------------------------------------------------------------------------------
| Other Path Groups Table
| -----------------------
------------------------------------------------------------------------------------------------

Path Group    From Clock    To Clock          WNS(ns)      TNS(ns)  TNS Failing Endpoints  TNS Total Endpoints      WHS(ns)      THS(ns)  THS Failing Endpoints  THS Total Endpoints  
----------    ----------    --------          -------      -------  ---------------------  -------------------      -------      -------  ---------------------  -------------------  


------------------------------------------------------------------------------------------------
| User Ignored Path Table
| -----------------------
------------------------------------------------------------------------------------------------

Path Group    From Clock    To Clock    
----------    ----------    --------    


------------------------------------------------------------------------------------------------
| Unconstrained Path Table
| ------------------------
------------------------------------------------------------------------------------------------

Path Group    From Clock    To Clock    
----------    ----------    --------    
(none)                                    


------------------------------------------------------------------------------------------------
| Timing Details
| --------------
------------------------------------------------------------------------------------------------


--------------------------------------------------------------------------------------
Path Group:  (none)
From Clock:  
  To Clock:  

Max Delay             6 Endpoints
Min Delay             6 Endpoints
--------------------------------------------------------------------------------------


Max Delay Paths
--------------------------------------------------------------------------------------
Slack:                    inf
  Source:                 Reset
                            (input port)
  Destination:            Q
                            (output port)
  Path Group:             (none)
  Path Type:              Max at Slow Process Corner
  Data Path Delay:        7.393ns  (logic 4.543ns (61.442%)  route 2.851ns (38.558%))
  Logic Levels:           4  (IBUF=1 LDCE=1 LUT3=1 OBUF=1)

    Location             Delay type                Incr(ns)  Path(ns)    Netlist Resource(s)
  -------------------------------------------------------------------    -------------------
    W5                                                0.000     0.000 r  Reset (IN)
                         net (fo=0)                   0.000     0.000    Reset
    W5                   IBUF (Prop_ibuf_I_O)         0.935     0.935 r  Reset_IBUF_inst/O
                         net (fo=2, routed)           0.906     1.842    Reset_IBUF
    SLICE_X1Y1           LDCE (SetClr_ldce_CLR_Q)     0.885     2.727 f  Q_reg_LDC/Q
                         net (fo=1, routed)           0.275     3.002    Q_reg_LDC_n_0
    SLICE_X0Y1           LUT3 (Prop_lut3_I1_O)        0.124     3.126 r  Q_OBUF_inst_i_1/O
                         net (fo=1, routed)           1.669     4.795    Q_OBUF
    W6                   OBUF (Prop_obuf_I_O)         2.598     7.393 r  Q_OBUF_inst/O
                         net (fo=0)                   0.000     7.393    Q
    W6                                                                r  Q (OUT)
  -------------------------------------------------------------------    -------------------

Slack:                    inf
  Source:                 Preset
                            (input port)
  Destination:            Q_reg_P/PRE
  Path Group:             (none)
  Path Type:              Max at Slow Process Corner
  Data Path Delay:        5.310ns  (logic 1.109ns (20.877%)  route 4.201ns (79.123%))
  Logic Levels:           2  (BUFG=1 IBUF=1)

    Location             Delay type                Incr(ns)  Path(ns)    Netlist Resource(s)
  -------------------------------------------------------------------    -------------------
    AA9                                               0.000     0.000 f  Preset (IN)
                         net (fo=0)                   0.000     0.000    Preset
    AA9                  IBUF (Prop_ibuf_I_O)         1.008     1.008 f  Preset_IBUF_inst/O
                         net (fo=1, routed)           2.171     3.179    Preset_IBUF
    BUFGCTRL_X0Y0        BUFG (Prop_bufg_I_O)         0.101     3.280 f  Preset_IBUF_BUFG_inst/O
                         net (fo=2, routed)           2.030     5.310    Preset_IBUF_BUFG
    SLICE_X0Y0           FDPE                                         f  Q_reg_P/PRE
  -------------------------------------------------------------------    -------------------

Slack:                    inf
  Source:                 Reset
                            (input port)
  Destination:            Q_reg_C/CLR
  Path Group:             (none)
  Path Type:              Max at Slow Process Corner
  Data Path Delay:        1.842ns  (logic 0.935ns (50.787%)  route 0.906ns (49.213%))
  Logic Levels:           1  (IBUF=1)

    Location             Delay type                Incr(ns)  Path(ns)    Netlist Resource(s)
  -------------------------------------------------------------------    -------------------
    W5                                                0.000     0.000 f  Reset (IN)
                         net (fo=0)                   0.000     0.000    Reset
    W5                   IBUF (Prop_ibuf_I_O)         0.935     0.935 f  Reset_IBUF_inst/O
                         net (fo=2, routed)           0.906     1.842    Reset_IBUF
    SLICE_X0Y1           FDCE                                         f  Q_reg_C/CLR
  -------------------------------------------------------------------    -------------------

Slack:                    inf
  Source:                 Reset
                            (input port)
  Destination:            Q_reg_LDC/CLR
  Path Group:             (none)
  Path Type:              Max at Slow Process Corner
  Data Path Delay:        1.842ns  (logic 0.935ns (50.787%)  route 0.906ns (49.213%))
  Logic Levels:           1  (IBUF=1)

    Location             Delay type                Incr(ns)  Path(ns)    Netlist Resource(s)
  -------------------------------------------------------------------    -------------------
    W5                                                0.000     0.000 f  Reset (IN)
                         net (fo=0)                   0.000     0.000    Reset
    W5                   IBUF (Prop_ibuf_I_O)         0.935     0.935 f  Reset_IBUF_inst/O
                         net (fo=2, routed)           0.906     1.842    Reset_IBUF
    SLICE_X1Y1           LDCE                                         f  Q_reg_LDC/CLR
  -------------------------------------------------------------------    -------------------

Slack:                    inf
  Source:                 D
                            (input port)
  Destination:            Q_reg_C/D
  Path Group:             (none)
  Path Type:              Max at Slow Process Corner
  Data Path Delay:        1.823ns  (logic 0.915ns (50.174%)  route 0.908ns (49.826%))
  Logic Levels:           1  (IBUF=1)

    Location             Delay type                Incr(ns)  Path(ns)    Netlist Resource(s)
  -------------------------------------------------------------------    -------------------
    U7                                                0.000     0.000 r  D (IN)
                         net (fo=0)                   0.000     0.000    D
    U7                   IBUF (Prop_ibuf_I_O)         0.915     0.915 r  D_IBUF_inst/O
                         net (fo=2, routed)           0.908     1.823    D_IBUF
    SLICE_X0Y1           FDCE                                         r  Q_reg_C/D
  -------------------------------------------------------------------    -------------------

Slack:                    inf
  Source:                 D
                            (input port)
  Destination:            Q_reg_P/D
  Path Group:             (none)
  Path Type:              Max at Slow Process Corner
  Data Path Delay:        1.682ns  (logic 0.915ns (54.375%)  route 0.768ns (45.625%))
  Logic Levels:           1  (IBUF=1)

    Location             Delay type                Incr(ns)  Path(ns)    Netlist Resource(s)
  -------------------------------------------------------------------    -------------------
    U7                                                0.000     0.000 r  D (IN)
                         net (fo=0)                   0.000     0.000    D
    U7                   IBUF (Prop_ibuf_I_O)         0.915     0.915 r  D_IBUF_inst/O
                         net (fo=2, routed)           0.768     1.682    D_IBUF
    SLICE_X0Y0           FDPE                                         r  Q_reg_P/D
  -------------------------------------------------------------------    -------------------





Min Delay Paths
--------------------------------------------------------------------------------------
Slack:                    inf
  Source:                 D
                            (input port)
  Destination:            Q_reg_P/D
  Path Group:             (none)
  Path Type:              Min at Fast Process Corner
  Data Path Delay:        0.452ns  (logic 0.144ns (31.906%)  route 0.308ns (68.094%))
  Logic Levels:           1  (IBUF=1)

    Location             Delay type                Incr(ns)  Path(ns)    Netlist Resource(s)
  -------------------------------------------------------------------    -------------------
    U7                                                0.000     0.000 r  D (IN)
                         net (fo=0)                   0.000     0.000    D
    U7                   IBUF (Prop_ibuf_I_O)         0.144     0.144 r  D_IBUF_inst/O
                         net (fo=2, routed)           0.308     0.452    D_IBUF
    SLICE_X0Y0           FDPE                                         r  Q_reg_P/D
  -------------------------------------------------------------------    -------------------

Slack:                    inf
  Source:                 D
                            (input port)
  Destination:            Q_reg_C/D
  Path Group:             (none)
  Path Type:              Min at Fast Process Corner
  Data Path Delay:        0.507ns  (logic 0.144ns (28.450%)  route 0.362ns (71.550%))
  Logic Levels:           1  (IBUF=1)

    Location             Delay type                Incr(ns)  Path(ns)    Netlist Resource(s)
  -------------------------------------------------------------------    -------------------
    U7                                                0.000     0.000 r  D (IN)
                         net (fo=0)                   0.000     0.000    D
    U7                   IBUF (Prop_ibuf_I_O)         0.144     0.144 r  D_IBUF_inst/O
                         net (fo=2, routed)           0.362     0.507    D_IBUF
    SLICE_X0Y1           FDCE                                         r  Q_reg_C/D
  -------------------------------------------------------------------    -------------------

Slack:                    inf
  Source:                 Reset
                            (input port)
  Destination:            Q_reg_C/CLR
  Path Group:             (none)
  Path Type:              Min at Fast Process Corner
  Data Path Delay:        0.521ns  (logic 0.165ns (31.591%)  route 0.356ns (68.409%))
  Logic Levels:           1  (IBUF=1)

    Location             Delay type                Incr(ns)  Path(ns)    Netlist Resource(s)
  -------------------------------------------------------------------    -------------------
    W5                                                0.000     0.000 f  Reset (IN)
                         net (fo=0)                   0.000     0.000    Reset
    W5                   IBUF (Prop_ibuf_I_O)         0.165     0.165 f  Reset_IBUF_inst/O
                         net (fo=2, routed)           0.356     0.521    Reset_IBUF
    SLICE_X0Y1           FDCE                                         f  Q_reg_C/CLR
  -------------------------------------------------------------------    -------------------

Slack:                    inf
  Source:                 Reset
                            (input port)
  Destination:            Q_reg_LDC/CLR
  Path Group:             (none)
  Path Type:              Min at Fast Process Corner
  Data Path Delay:        0.521ns  (logic 0.165ns (31.591%)  route 0.356ns (68.409%))
  Logic Levels:           1  (IBUF=1)

    Location             Delay type                Incr(ns)  Path(ns)    Netlist Resource(s)
  -------------------------------------------------------------------    -------------------
    W5                                                0.000     0.000 f  Reset (IN)
                         net (fo=0)                   0.000     0.000    Reset
    W5                   IBUF (Prop_ibuf_I_O)         0.165     0.165 f  Reset_IBUF_inst/O
                         net (fo=2, routed)           0.356     0.521    Reset_IBUF
    SLICE_X1Y1           LDCE                                         f  Q_reg_LDC/CLR
  -------------------------------------------------------------------    -------------------

Slack:                    inf
  Source:                 Preset
                            (input port)
  Destination:            Q_reg_P/PRE
  Path Group:             (none)
  Path Type:              Min at Fast Process Corner
  Data Path Delay:        1.610ns  (logic 0.262ns (16.272%)  route 1.348ns (83.728%))
  Logic Levels:           2  (BUFG=1 IBUF=1)

    Location             Delay type                Incr(ns)  Path(ns)    Netlist Resource(s)
  -------------------------------------------------------------------    -------------------
    AA9                                               0.000     0.000 f  Preset (IN)
                         net (fo=0)                   0.000     0.000    Preset
    AA9                  IBUF (Prop_ibuf_I_O)         0.236     0.236 f  Preset_IBUF_inst/O
                         net (fo=1, routed)           0.663     0.899    Preset_IBUF
    BUFGCTRL_X0Y0        BUFG (Prop_bufg_I_O)         0.026     0.925 f  Preset_IBUF_BUFG_inst/O
                         net (fo=2, routed)           0.685     1.610    Preset_IBUF_BUFG
    SLICE_X0Y0           FDPE                                         f  Q_reg_P/PRE
  -------------------------------------------------------------------    -------------------

Slack:                    inf
  Source:                 Q_reg_LDC/G
                            (positive level-sensitive latch)
  Destination:            Q
                            (output port)
  Path Group:             (none)
  Path Type:              Min at Fast Process Corner
  Data Path Delay:        1.726ns  (logic 1.318ns (76.398%)  route 0.407ns (23.602%))
  Logic Levels:           3  (LDCE=1 LUT3=1 OBUF=1)

    Location             Delay type                Incr(ns)  Path(ns)    Netlist Resource(s)
  -------------------------------------------------------------------    -------------------
    SLICE_X1Y1           LDCE                         0.000     0.000 r  Q_reg_LDC/G
    SLICE_X1Y1           LDCE (EnToQ_ldce_G_Q)        0.158     0.158 r  Q_reg_LDC/Q
                         net (fo=1, routed)           0.087     0.245    Q_reg_LDC_n_0
    SLICE_X0Y1           LUT3 (Prop_lut3_I1_O)        0.045     0.290 r  Q_OBUF_inst_i_1/O
                         net (fo=1, routed)           0.320     0.610    Q_OBUF
    W6                   OBUF (Prop_obuf_I_O)         1.115     1.726 r  Q_OBUF_inst/O
                         net (fo=0)                   0.000     1.726    Q
    W6                                                                r  Q (OUT)
  -------------------------------------------------------------------    -------------------





